Component: ARM Compiler 5.06 update 4 (build 422) Tool: armlink [4d35d2]

==============================================================================

Section Cross References

    main.o(i.main) refers to main.o(i.userInit) for userInit
    main.o(i.main) refers to main.o(i.userHandle) for userHandle
    main.o(i.main) refers to intoyun_interface.o(.constdata) for System
    main.o(i.system_event_callback) refers to main.o(.data) for .data
    main.o(i.system_event_callback) refers to intoyun_interface.o(.constdata) for Cloud
    main.o(i.userHandle) refers to intoyun_interface.o(i.delay) for delay
    main.o(i.userHandle) refers to cdrcmple.o(.text) for __aeabi_cdrcmple
    main.o(i.userHandle) refers to dadd.o(.text) for __aeabi_dadd
    main.o(i.userHandle) refers to main.o(.data) for .data
    main.o(i.userHandle) refers to intoyun_interface.o(.constdata) for System
    main.o(i.userHandle) refers to intoyun_interface.o(.constdata) for Cloud
    main.o(i.userInit) refers to intoyun_interface.o(i.delay) for delay
    main.o(i.userInit) refers to intoyun_interface.o(.constdata) for Cloud
    main.o(i.userInit) refers to main.o(.data) for .data
    main.o(i.userInit) refers to intoyun_interface.o(.constdata) for System
    main.o(i.userInit) refers to main.o(i.system_event_callback) for system_event_callback
    main.o(i.userInit) refers to intoyun_interface.o(.constdata) for LoRaWan
    startup_stm32f103xb.o(RESET) refers to startup_stm32f103xb.o(STACK) for __initial_sp
    startup_stm32f103xb.o(RESET) refers to startup_stm32f103xb.o(.text) for Reset_Handler
    startup_stm32f103xb.o(RESET) refers to stm32f1xx_it.o(i.NMI_Handler) for NMI_Handler
    startup_stm32f103xb.o(RESET) refers to stm32f1xx_it.o(i.HardFault_Handler) for HardFault_Handler
    startup_stm32f103xb.o(RESET) refers to stm32f1xx_it.o(i.MemManage_Handler) for MemManage_Handler
    startup_stm32f103xb.o(RESET) refers to stm32f1xx_it.o(i.BusFault_Handler) for BusFault_Handler
    startup_stm32f103xb.o(RESET) refers to stm32f1xx_it.o(i.UsageFault_Handler) for UsageFault_Handler
    startup_stm32f103xb.o(RESET) refers to stm32f1xx_it.o(i.SVC_Handler) for SVC_Handler
    startup_stm32f103xb.o(RESET) refers to stm32f1xx_it.o(i.DebugMon_Handler) for DebugMon_Handler
    startup_stm32f103xb.o(RESET) refers to stm32f1xx_it.o(i.PendSV_Handler) for PendSV_Handler
    startup_stm32f103xb.o(RESET) refers to stm32f1xx_it.o(i.SysTick_Handler) for SysTick_Handler
    startup_stm32f103xb.o(RESET) refers to stm32f1xx_it.o(i.USART1_IRQHandler) for USART1_IRQHandler
    startup_stm32f103xb.o(.text) refers to system_stm32f1xx.o(i.SystemInit) for SystemInit
    startup_stm32f103xb.o(.text) refers to entry.o(.ARM.Collect$$$$00000000) for __main
    stm32f1xx_it.o(i.SysTick_Handler) refers to stm32f1xx_hal.o(i.HAL_IncTick) for HAL_IncTick
    stm32f1xx_it.o(i.USART1_IRQHandler) refers to stm32f1xx_hal_uart.o(i.HAL_UART_Receive) for HAL_UART_Receive
    stm32f1xx_it.o(i.USART1_IRQHandler) refers to hal_interface.o(.bss) for huart1
    stm32f1xx_it.o(i.USART1_IRQHandler) refers to intoyun_interface.o(.constdata) for System
    system_stm32f1xx.o(i.SystemCoreClockUpdate) refers to system_stm32f1xx.o(.data) for .data
    system_stm32f1xx.o(i.SystemCoreClockUpdate) refers to system_stm32f1xx.o(.constdata) for .constdata
    hal_interface.o(i.HAL_Millis) refers to stm32f1xx_hal.o(i.HAL_GetTick) for HAL_GetTick
    hal_interface.o(i.HAL_Print) refers to stm32f1xx_hal_uart.o(i.HAL_UART_Transmit) for HAL_UART_Transmit
    hal_interface.o(i.HAL_Print) refers to hal_interface.o(.bss) for .bss
    hal_interface.o(i.HAL_SystemInit) refers to stm32f1xx_hal.o(i.HAL_Init) for HAL_Init
    hal_interface.o(i.HAL_SystemInit) refers to hal_interface.o(i.SystemClockConfig) for SystemClockConfig
    hal_interface.o(i.HAL_SystemInit) refers to stm32f1xx_hal_uart.o(i.HAL_UART_Init) for HAL_UART_Init
    hal_interface.o(i.HAL_SystemInit) refers to hal_interface.o(.bss) for .bss
    hal_interface.o(i.HAL_UART_MspDeInit) refers to stm32f1xx_hal_gpio.o(i.HAL_GPIO_DeInit) for HAL_GPIO_DeInit
    hal_interface.o(i.HAL_UART_MspDeInit) refers to stm32f1xx_hal_cortex.o(i.HAL_NVIC_DisableIRQ) for HAL_NVIC_DisableIRQ
    hal_interface.o(i.HAL_UART_MspInit) refers to stm32f1xx_hal_gpio.o(i.HAL_GPIO_Init) for HAL_GPIO_Init
    hal_interface.o(i.HAL_UART_MspInit) refers to stm32f1xx_hal_cortex.o(i.HAL_NVIC_SetPriority) for HAL_NVIC_SetPriority
    hal_interface.o(i.HAL_UART_MspInit) refers to stm32f1xx_hal_cortex.o(i.HAL_NVIC_EnableIRQ) for HAL_NVIC_EnableIRQ
    hal_interface.o(i.HAL_UART_MspInit) refers to hal_interface.o(.bss) for .bss
    hal_interface.o(i.HAL_UartWrite) refers to stm32f1xx_hal_uart.o(i.HAL_UART_Transmit) for HAL_UART_Transmit
    hal_interface.o(i.HAL_UartWrite) refers to hal_interface.o(.bss) for .bss
    hal_interface.o(i.SystemClockConfig) refers to memseta.o(.text) for __aeabi_memclr4
[...]
    i.intoyunQueryMacDownlinkCount           0x08004e58   Section        0  intoyun_datapoint.o(i.intoyunQueryMacDownlinkCount)
    i.intoyunQueryMacDutyCyclePrescaler      0x08004e5c   Section        0  intoyun_datapoint.o(i.intoyunQueryMacDutyCyclePrescaler)
    i.intoyunQueryMacGatewayNumber           0x08004e60   Section        0  intoyun_datapoint.o(i.intoyunQueryMacGatewayNumber)
    i.intoyunQueryMacJoinTrials              0x08004e64   Section        0  intoyun_datapoint.o(i.intoyunQueryMacJoinTrials)
    i.intoyunQueryMacMargin                  0x08004e68   Section        0  intoyun_datapoint.o(i.intoyunQueryMacMargin)
    i.intoyunQueryMacRX1Delay                0x08004e6c   Section        0  intoyun_datapoint.o(i.intoyunQueryMacRX1Delay)
    i.intoyunQueryMacRX2Params               0x08004e76   Section        0  intoyun_datapoint.o(i.intoyunQueryMacRX2Params)
    i.intoyunQueryMacRssi                    0x08004e94   Section        0  intoyun_datapoint.o(i.intoyunQueryMacRssi)
    i.intoyunQueryMacSendStatus              0x08004ea4   Section        0  intoyun_datapoint.o(i.intoyunQueryMacSendStatus)
    i.intoyunQueryMacSnr                     0x08004eb0   Section        0  intoyun_datapoint.o(i.intoyunQueryMacSnr)
    i.intoyunQueryMacUncomfirmedTrials       0x08004eb4   Section        0  intoyun_datapoint.o(i.intoyunQueryMacUncomfirmedTrials)
    i.intoyunQueryMacUplinkCount             0x08004eb8   Section        0  intoyun_datapoint.o(i.intoyunQueryMacUplinkCount)
    i.intoyunReadDatapointBinary             0x08004ebc   Section        0  intoyun_datapoint.o(i.intoyunReadDatapointBinary)
    i.intoyunReadDatapointBool               0x08004f08   Section        0  intoyun_datapoint.o(i.intoyunReadDatapointBool)
    i.intoyunReadDatapointEnum               0x08004f34   Section        0  intoyun_datapoint.o(i.intoyunReadDatapointEnum)
    i.intoyunReadDatapointNumberDouble       0x08004f60   Section        0  intoyun_datapoint.o(i.intoyunReadDatapointNumberDouble)
    i.intoyunReadDatapointNumberInt32        0x08004f90   Section        0  intoyun_datapoint.o(i.intoyunReadDatapointNumberInt32)
    i.intoyunReadDatapointString             0x08004fbc   Section        0  intoyun_datapoint.o(i.intoyunReadDatapointString)
    i.intoyunSendAllDatapointManual          0x08005010   Section        0  intoyun_datapoint.o(i.intoyunSendAllDatapointManual)
    i.intoyunSendConfirmed                   0x0800503c   Section        0  intoyun_datapoint.o(i.intoyunSendConfirmed)
    i.intoyunSendDatapointAll                0x08005050   Section        0  intoyun_datapoint.o(i.intoyunSendDatapointAll)
    intoyunSendDatapointAll                  0x08005051   Thumb Code   142  intoyun_datapoint.o(i.intoyunSendDatapointAll)
    i.intoyunSendDatapointBinary             0x0800510c   Section        0  intoyun_datapoint.o(i.intoyunSendDatapointBinary)
    i.intoyunSendDatapointBool               0x08005168   Section        0  intoyun_datapoint.o(i.intoyunSendDatapointBool)
    i.intoyunSendDatapointEnum               0x080051c0   Section        0  intoyun_datapoint.o(i.intoyunSendDatapointEnum)
    i.intoyunSendDatapointNumberDouble       0x08005218   Section        0  intoyun_datapoint.o(i.intoyunSendDatapointNumberDouble)
    i.intoyunSendDatapointNumberInt32        0x08005274   Section        0  intoyun_datapoint.o(i.intoyunSendDatapointNumberInt32)
    i.intoyunSendDatapointString             0x080052cc   Section        0  intoyun_datapoint.o(i.intoyunSendDatapointString)
    i.intoyunSendSingleDatapoint             0x08005324   Section        0  intoyun_datapoint.o(i.intoyunSendSingleDatapoint)
    intoyunSendSingleDatapoint               0x08005325   Thumb Code   106  intoyun_datapoint.o(i.intoyunSendSingleDatapoint)
    i.intoyunSendUnconfirmed                 0x08005394   Section        0  intoyun_datapoint.o(i.intoyunSendUnconfirmed)
    i.intoyunSetEventCallback                0x080053a8   Section        0  intoyun_datapoint.o(i.intoyunSetEventCallback)
    i.intoyunSetupDevice                     0x080053b8   Section        0  intoyun_datapoint.o(i.intoyunSetupDevice)
    i.intoyunSetupMacABPParams               0x080053bc   Section        0  intoyun_datapoint.o(i.intoyunSetupMacABPParams)
    i.intoyunSetupMacAdr                     0x080053c0   Section        0  intoyun_datapoint.o(i.intoyunSetupMacAdr)
    i.intoyunSetupMacChannelDRRange          0x080053c8   Section        0  intoyun_datapoint.o(i.intoyunSetupMacChannelDRRange)
    i.intoyunSetupMacChannelEnable           0x080053d8   Section        0  intoyun_datapoint.o(i.intoyunSetupMacChannelEnable)
    i.intoyunSetupMacChannelFreq             0x080053e8   Section        0  intoyun_datapoint.o(i.intoyunSetupMacChannelFreq)
    i.intoyunSetupMacClassType               0x08005408   Section        0  intoyun_datapoint.o(i.intoyunSetupMacClassType)
    i.intoyunSetupMacConfirmedTrials         0x0800540c   Section        0  intoyun_datapoint.o(i.intoyunSetupMacConfirmedTrials)
    i.intoyunSetupMacDatarate                0x08005418   Section        0  intoyun_datapoint.o(i.intoyunSetupMacDatarate)
    i.intoyunSetupMacDownlinkCount           0x08005424   Section        0  intoyun_datapoint.o(i.intoyunSetupMacDownlinkCount)
    i.intoyunSetupMacDutyCyclePrescaler      0x08005428   Section        0  intoyun_datapoint.o(i.intoyunSetupMacDutyCyclePrescaler)
    i.intoyunSetupMacJoinTrials              0x0800542c   Section        0  intoyun_datapoint.o(i.intoyunSetupMacJoinTrials)
    i.intoyunSetupMacOTAAParams              0x08005430   Section        0  intoyun_datapoint.o(i.intoyunSetupMacOTAAParams)
    i.intoyunSetupMacPowerIndex              0x08005434   Section        0  intoyun_datapoint.o(i.intoyunSetupMacPowerIndex)
    i.intoyunSetupMacRX1Delay                0x08005438   Section        0  intoyun_datapoint.o(i.intoyunSetupMacRX1Delay)
    i.intoyunSetupMacRX2Params               0x0800543c   Section        0  intoyun_datapoint.o(i.intoyunSetupMacRX2Params)
    i.intoyunSetupMacUnconfirmedTrials       0x0800545c   Section        0  intoyun_datapoint.o(i.intoyunSetupMacUnconfirmedTrials)
    i.intoyunSetupMacUplinkCount             0x08005468   Section        0  intoyun_datapoint.o(i.intoyunSetupMacUplinkCount)
    i.intoyunSetupProtocol                   0x0800546c   Section        0  intoyun_datapoint.o(i.intoyunSetupProtocol)
    i.intoyunSetupSystemSleep                0x08005478   Section        0  intoyun_datapoint.o(i.intoyunSetupSystemSleep)
    i.intoyunTransmitData                    0x0800547c   Section        0  intoyun_datapoint.o(i.intoyunTransmitData)
    intoyunTransmitData                      0x0800547d   Thumb Code   116  intoyun_datapoint.o(i.intoyunTransmitData)
    i.intoyunWriteDatapointBinary            0x08005514   Section        0  intoyun_datapoint.o(i.intoyunWriteDatapointBinary)
    i.intoyunWriteDatapointBool              0x0800551a   Section        0  intoyun_datapoint.o(i.intoyunWriteDatapointBool)
    i.intoyunWriteDatapointEnum              0x08005520   Section        0  intoyun_datapoint.o(i.intoyunWriteDatapointEnum)
    i.intoyunWriteDatapointNumberDouble      0x08005526   Section        0  intoyun_datapoint.o(i.intoyunWriteDatapointNumberDouble)
    i.intoyunWriteDatapointNumberInt32       0x08005532   Section        0  intoyun_datapoint.o(i.intoyunWriteDatapointNumberInt32)
    i.intoyunWriteDatapointString            0x08005538   Section        0  intoyun_datapoint.o(i.intoyunWriteDatapointString)
    i.main                                   0x08005540   Section        0  main.o(i.main)
    i.malloc                                 0x08005558   Section        0  malloc.o(i.malloc)
    i.millis                                 0x080055c4   Section        0  intoyun_interface.o(i.millis)
    i.system_event_callback                  0x080055c8   Section        0  main.o(i.system_event_callback)
    i.userHandle                             0x08005644   Section        0  main.o(i.userHandle)
    i.userInit                               0x080056f4   Section        0  main.o(i.userInit)
    .constdata                               0x08005814   Section       16  system_stm32f1xx.o(.constdata)
    .constdata                               0x08005824   Section        8  system_stm32f1xx.o(.constdata)
    .constdata                               0x0800582c   Section       44  intoyun_interface.o(.constdata)
    .constdata                               0x08005858   Section      112  intoyun_interface.o(.constdata)
    .constdata                               0x080058c8   Section      168  intoyun_interface.o(.constdata)
    .constdata                               0x08005970   Section       64  ctype_c.o(.constdata)
    .conststring                             0x080059b0   Section      127  intoyun_protocol.o(.conststring)
    .data                                    0x20000000   Section       83  main.o(.data)
    deviceState                              0x20000001   Data           1  main.o(.data)
    .data                                    0x20000054   Section        4  system_stm32f1xx.o(.data)
    .data                                    0x20000058   Section       16  intoyun_datapoint.o(.data)
    .data                                    0x20000068   Section      116  intoyun_protocol.o(.data)
    parserInitDone                           0x20000068   Data           1  intoyun_protocol.o(.data)
    cancelAllOperations                      0x20000069   Data           1  intoyun_protocol.o(.data)
    lutF                                     0x2000006c   Data          16  intoyun_protocol.o(.data)
    lut                                      0x2000007c   Data          96  intoyun_protocol.o(.data)
    .data                                    0x200000dc   Section        4  stm32f1xx_hal.o(.data)
    uwTick                                   0x200000dc   Data           4  stm32f1xx_hal.o(.data)
    .data                                    0x200000e0   Section        4  mvars.o(.data)
    .data                                    0x200000e4   Section        4  mvars.o(.data)
    .bss                                     0x200000e8   Section      128  hal_interface.o(.bss)
    .bss                                     0x20000168   Section      212  intoyun_datapoint.o(.bss)
    .bss                                     0x2000023c   Section      288  intoyun_protocol.o(.bss)
    HEAP                                     0x20000360   Section     2048  startup_stm32f103xb.o(HEAP)
    STACK                                    0x20000b60   Section     1024  startup_stm32f103xb.o(STACK)

    Global Symbols

    Symbol Name                              Value     Ov Type        Size  Object(Section)

    BuildAttributes$$THM_ISAv4$P$D$K$B$S$PE$A:L22UL41UL21$X:L11$S22US41US21$IEEE1$IW$USESV6$~STKCKD$USESV7$~SHL$OSPACE$ROPI$EBA8$MICROLIB$REQ8$PRES8$EABIv2 0x00000000   Number         0  anon$$obj.o ABSOLUTE
    __ARM_use_no_argv                        0x00000000   Number         0  main.o ABSOLUTE
    _printf_a                                0x00000000   Number         0  stubs.o ABSOLUTE
    _printf_c                                0x00000000   Number         0  stubs.o ABSOLUTE
    _printf_charcount                        0x00000000   Number         0  stubs.o ABSOLUTE
    _printf_d                                0x00000000   Number         0  stubs.o ABSOLUTE
    _printf_e                                0x00000000   Number         0  stubs.o ABSOLUTE
    _printf_f                                0x00000000   Number         0  stubs.o ABSOLUTE
    _printf_flags                            0x00000000   Number         0  stubs.o ABSOLUTE
    _printf_fp_dec                           0x00000000   Number         0  stubs.o ABSOLUTE
    _printf_fp_hex                           0x00000000   Number         0  stubs.o ABSOLUTE
    _printf_g                                0x00000000   Number         0  stubs.o ABSOLUTE
    _printf_i                                0x00000000   Number         0  stubs.o ABSOLUTE
    _printf_int_dec                          0x00000000   Number         0  stubs.o ABSOLUTE
    _printf_l                                0x00000000   Number         0  stubs.o ABSOLUTE
    _printf_lc                               0x00000000   Number         0  stubs.o ABSOLUTE
    _printf_ll                               0x00000000   Number         0  stubs.o ABSOLUTE
    _printf_lld                              0x00000000   Number         0  stubs.o ABSOLUTE
    _printf_lli                              0x00000000   Number         0  stubs.o ABSOLUTE
    _printf_llo                              0x00000000   Number         0  stubs.o ABSOLUTE
    _printf_llu                              0x00000000   Number         0  stubs.o ABSOLUTE
    _printf_llx                              0x00000000   Number         0  stubs.o ABSOLUTE
    _printf_longlong_dec                     0x00000000   Number         0  stubs.o ABSOLUTE
    _printf_longlong_hex                     0x00000000   Number         0  stubs.o ABSOLUTE
    _printf_longlong_oct                     0x00000000   Number         0  stubs.o ABSOLUTE
    _printf_ls                               0x00000000   Number         0  stubs.o ABSOLUTE
    _printf_mbtowc                           0x00000000   Number         0  stubs.o ABSOLUTE
    _printf_n                                0x00000000   Number         0  stubs.o ABSOLUTE
    _printf_o                                0x00000000   Number         0  stubs.o ABSOLUTE
    _printf_p                                0x00000000   Number         0  stubs.o ABSOLUTE
    _printf_percent                          0x00000000   Number         0  stubs.o ABSOLUTE
    _printf_pre_padding                      0x00000000   Number         0  stubs.o ABSOLUTE
    _printf_return_value                     0x00000000   Number         0  stubs.o ABSOLUTE
    _printf_s                                0x00000000   Number         0  stubs.o ABSOLUTE
    _printf_sizespec                         0x00000000   Number         0  stubs.o ABSOLUTE
    _printf_str                              0x00000000   Number         0  stubs.o ABSOLUTE
    _printf_truncate_signed                  0x00000000   Number         0  stubs.o ABSOLUTE
    _printf_truncate_unsigned                0x00000000   Number         0  stubs.o ABSOLUTE
    _printf_u                                0x00000000   Number         0  stubs.o ABSOLUTE
    _printf_wc                               0x00000000   Number         0  stubs.o ABSOLUTE
    _printf_wctomb                           0x00000000   Number         0  stubs.o ABSOLUTE
    _printf_widthprec                        0x00000000   Number         0  stubs.o ABSOLUTE
    _printf_x                                0x00000000   Number         0  stubs.o ABSOLUTE
    __cpp_initialize__aeabi_                  - Undefined Weak Reference
    __cxa_finalize                            - Undefined Weak Reference
    __decompress                              - Undefined Weak Reference
    _clock_init                               - Undefined Weak Reference
    _microlib_exit                            - Undefined Weak Reference
    _scanf_longlong                           - Undefined Weak Reference
    _scanf_real                               - Undefined Weak Reference
    __Vectors_Size                           0x000000ec   Number         0  startup_stm32f103xb.o ABSOLUTE
    __Vectors                                0x08000000   Data           4  startup_stm32f103xb.o(RESET)
    __Vectors_End                            0x080000ec   Data           0  startup_stm32f103xb.o(RESET)
    __main                                   0x080000ed   Thumb Code     0  entry.o(.ARM.Collect$$$$00000000)
    _main_stk                                0x080000ed   Thumb Code     0  entry2.o(.ARM.Collect$$$$00000001)
    _main_scatterload                        0x080000f1   Thumb Code     0  entry5.o(.ARM.Collect$$$$00000004)
    __main_after_scatterload                 0x080000f5   Thumb Code     0  entry5.o(.ARM.Collect$$$$00000004)
    _main_clock                              0x080000f5   Thumb Code     0  entry7b.o(.ARM.Collect$$$$00000008)
    _main_cpp_init                           0x080000f5   Thumb Code     0  entry8b.o(.ARM.Collect$$$$0000000A)
    _main_init                               0x080000f5   Thumb Code     0  entry9a.o(.ARM.Collect$$$$0000000B)
    __rt_final_cpp                           0x080000fd   Thumb Code     0  entry10a.o(.ARM.Collect$$$$0000000D)
    __rt_final_exit                          0x080000fd   Thumb Code     0  entry11a.o(.ARM.Collect$$$$0000000F)
    Reset_Handler                            0x08000101   Thumb Code     8  startup_stm32f103xb.o(.text)
    ADC1_2_IRQHandler                        0x0800011b   Thumb Code     0  startup_stm32f103xb.o(.text)
    CAN1_RX1_IRQHandler                      0x0800011b   Thumb Code     0  startup_stm32f103xb.o(.text)
    CAN1_SCE_IRQHandler                      0x0800011b   Thumb Code     0  startup_stm32f103xb.o(.text)
    DMA1_Channel1_IRQHandler                 0x0800011b   Thumb Code     0  startup_stm32f103xb.o(.text)
    DMA1_Channel2_IRQHandler                 0x0800011b   Thumb Code     0  startup_stm32f103xb.o(.text)
    DMA1_Channel3_IRQHandler                 0x0800011b   Thumb Code     0  startup_stm32f103xb.o(.text)
    DMA1_Channel4_IRQHandler                 0x0800011b   Thumb Code     0  startup_stm32f103xb.o(.text)
    DMA1_Channel5_IRQHandler                 0x0800011b   Thumb Code     0  startup_stm32f103xb.o(.text)
    DMA1_Channel6_IRQHandler                 0x0800011b   Thumb Code     0  startup_stm32f103xb.o(.text)
    DMA1_Channel7_IRQHandler                 0x0800011b   Thumb Code     0  startup_stm32f103xb.o(.text)
    EXTI0_IRQHandler                         0x0800011b   Thumb Code     0  startup_stm32f103xb.o(.text)
    EXTI15_10_IRQHandler                     0x0800011b   Thumb Code     0  startup_stm32f103xb.o(.text)
    EXTI1_IRQHandler                         0x0800011b   Thumb Code     0  startup_stm32f103xb.o(.text)
    EXTI2_IRQHandler                         0x0800011b   Thumb Code     0  startup_stm32f103xb.o(.text)
    EXTI3_IRQHandler                         0x0800011b   Thumb Code     0  startup_stm32f103xb.o(.text)
    EXTI4_IRQHandler                         0x0800011b   Thumb Code     0  startup_stm32f103xb.o(.text)
    EXTI9_5_IRQHandler                       0x0800011b   Thumb Code     0  startup_stm32f103xb.o(.text)
    FLASH_IRQHandler                         0x0800011b   Thumb Code     0  startup_stm32f103xb.o(.text)
    I2C1_ER_IRQHandler                       0x0800011b   Thumb Code     0  startup_stm32f103xb.o(.text)
    I2C1_EV_IRQHandler                       0x0800011b   Thumb Code     0  startup_stm32f103xb.o(.text)
    I2C2_ER_IRQHandler                       0x0800011b   Thumb Code     0  startup_stm32f103xb.o(.text)
    I2C2_EV_IRQHandler                       0x0800011b   Thumb Code     0  startup_stm32f103xb.o(.text)
    PVD_IRQHandler                           0x0800011b   Thumb Code     0  startup_stm32f103xb.o(.text)
    RCC_IRQHandler                           0x0800011b   Thumb Code     0  startup_stm32f103xb.o(.text)
    RTC_Alarm_IRQHandler                     0x0800011b   Thumb Code     0  startup_stm32f103xb.o(.text)
    RTC_IRQHandler                           0x0800011b   Thumb Code     0  startup_stm32f103xb.o(.text)
    SPI1_IRQHandler                          0x0800011b   Thumb Code     0  startup_stm32f103xb.o(.text)
    SPI2_IRQHandler                          0x0800011b   Thumb Code     0  startup_stm32f103xb.o(.text)
    TAMPER_IRQHandler                        0x0800011b   Thumb Code     0  startup_stm32f103xb.o(.text)
    TIM1_BRK_IRQHandler                      0x0800011b   Thumb Code     0  startup_stm32f103xb.o(.text)
    TIM1_CC_IRQHandler                       0x0800011b   Thumb Code     0  startup_stm32f103xb.o(.text)
    TIM1_TRG_COM_IRQHandler                  0x0800011b   Thumb Code     0  startup_stm32f103xb.o(.text)
    TIM1_UP_IRQHandler                       0x0800011b   Thumb Code     0  startup_stm32f103xb.o(.text)
    TIM2_IRQHandler                          0x0800011b   Thumb Code     0  startup_stm32f103xb.o(.text)
    TIM3_IRQHandler                          0x0800011b   Thumb Code     0  startup_stm32f103xb.o(.text)
    TIM4_IRQHandler                          0x0800011b   Thumb Code     0  startup_stm32f103xb.o(.text)
    USART2_IRQHandler                        0x0800011b   Thumb Code     0  startup_stm32f103xb.o(.text)
    USART3_IRQHandler                        0x0800011b   Thumb Code     0  startup_stm32f103xb.o(.text)
    USBWakeUp_IRQHandler                     0x0800011b   Thumb Code     0  startup_stm32f103xb.o(.text)
    USB_HP_CAN1_TX_IRQHandler                0x0800011b   Thumb Code     0  startup_stm32f103xb.o(.text)
    USB_LP_CAN1_RX0_IRQHandler               0x0800011b   Thumb Code     0  startup_stm32f103xb.o(.text)
    WWDG_IRQHandler                          0x0800011b   Thumb Code     0  startup_stm32f103xb.o(.text)
    __aeabi_llsr                             0x08000125   Thumb Code    32  llushr.o(.text)
    _ll_ushift_r                             0x08000125   Thumb Code     0  llushr.o(.text)
    __aeabi_memcpy                           0x08000145   Thumb Code    36  memcpya.o(.text)
    __aeabi_memcpy4                          0x08000145   Thumb Code     0  memcpya.o(.text)
    __aeabi_memcpy8                          0x08000145   Thumb Code     0  memcpya.o(.text)
    __aeabi_memset                           0x08000169   Thumb Code    14  memseta.o(.text)
    __aeabi_memset4                          0x08000169   Thumb Code     0  memseta.o(.text)
    __aeabi_memset8                          0x08000169   Thumb Code     0  memseta.o(.text)
    __aeabi_memclr                           0x08000177   Thumb Code     4  memseta.o(.text)
    __aeabi_memclr4                          0x08000177   Thumb Code     0  memseta.o(.text)
    __aeabi_memclr8                          0x08000177   Thumb Code     0  memseta.o(.text)
    _memset$wrapper                          0x0800017b   Thumb Code    18  memseta.o(.text)
    strncpy                                  0x0800018d   Thumb Code    24  strncpy.o(.text)
    strchr                                   0x080001a5   Thumb Code    20  strchr.o(.text)
    strlen                                   0x080001b9   Thumb Code    14  strlen.o(.text)
    strcmp                                   0x080001c7   Thumb Code    28  strcmp.o(.text)
    memcmp                                   0x080001e3   Thumb Code    26  memcmp.o(.text)
    __0sscanf                                0x080001fd   Thumb Code    48  __0sscanf.o(.text)
    _scanf_int                               0x08000235   Thumb Code   332  _scanf_int.o(.text)
    _scanf_string                            0x08000381   Thumb Code   224  _scanf_str.o(.text)
    __aeabi_dadd                             0x08000461   Thumb Code   322  dadd.o(.text)
    __aeabi_dsub                             0x080005a3   Thumb Code     6  dadd.o(.text)
    __aeabi_drsub                            0x080005a9   Thumb Code     6  dadd.o(.text)
    __aeabi_dmul                             0x080005af   Thumb Code   228  dmul.o(.text)
    __aeabi_ddiv                             0x08000693   Thumb Code   222  ddiv.o(.text)
    __aeabi_i2d                              0x08000771   Thumb Code    34  dflti.o(.text)
    __aeabi_d2iz                             0x08000793   Thumb Code    62  dfixi.o(.text)
    __aeabi_cdcmpeq                          0x080007d1   Thumb Code     0  cdcmple.o(.text)
    __aeabi_cdcmple                          0x080007d1   Thumb Code    48  cdcmple.o(.text)
    __aeabi_cdrcmple                         0x08000801   Thumb Code    48  cdrcmple.o(.text)
    __aeabi_uidiv                            0x08000831   Thumb Code     0  uidiv.o(.text)
    __aeabi_uidivmod                         0x08000831   Thumb Code    44  uidiv.o(.text)
    __aeabi_uldivmod                         0x0800085d   Thumb Code    98  uldiv.o(.text)
    __aeabi_llsl                             0x080008bf   Thumb Code    30  llshl.o(.text)
    _ll_shift_l                              0x080008bf   Thumb Code     0  llshl.o(.text)
    __aeabi_lasr                             0x080008dd   Thumb Code    36  llsshr.o(.text)
    _ll_sshift_r                             0x080008dd   Thumb Code     0  llsshr.o(.text)
    _chval                                   0x08000901   Thumb Code    28  _chval.o(.text)
    __vfscanf_char                           0x08000929   Thumb Code    20  scanf_char.o(.text)
    _sgetc                                   0x08000945   Thumb Code    30  _sgetc.o(.text)
    _sbackspace                              0x08000963   Thumb Code    34  _sgetc.o(.text)
    __I$use$fp                               0x08000985   Thumb Code     0  iusefp.o(.text)
    _double_round                            0x08000985   Thumb Code    30  depilogue.o(.text)
    _double_epilogue                         0x080009a3   Thumb Code   156  depilogue.o(.text)
    __aeabi_d2ulz                            0x08000a3f   Thumb Code    48  dfixul.o(.text)
    __scatterload                            0x08000a71   Thumb Code    28  init.o(.text)
    __scatterload_rt2                        0x08000a71   Thumb Code     0  init.o(.text)
    isspace                                  0x08000a95   Thumb Code    10  isspace_c.o(.text)
    __vfscanf                                0x08000aa1   Thumb Code   808  _scanf.o(.text)
    __ctype_lookup                           0x08000dcd   Thumb Code    34  ctype_c.o(.text)
    BusFault_Handler                         0x08000df5   Thumb Code     2  stm32f1xx_it.o(i.BusFault_Handler)
    DebugMon_Handler                         0x08000df7   Thumb Code     2  stm32f1xx_it.o(i.DebugMon_Handler)
    HAL_Delay                                0x08000df9   Thumb Code    22  stm32f1xx_hal.o(i.HAL_Delay)
    HAL_GPIO_Init                            0x08000e11   Thumb Code   408  stm32f1xx_hal_gpio.o(i.HAL_GPIO_Init)
    HAL_GetTick                              0x08000fcd   Thumb Code     6  stm32f1xx_hal.o(i.HAL_GetTick)
    HAL_IncTick                              0x08000fd9   Thumb Code    10  stm32f1xx_hal.o(i.HAL_IncTick)
    HAL_Init                                 0x08000fe9   Thumb Code    32  stm32f1xx_hal.o(i.HAL_Init)
    HAL_InitTick                             0x0800100d   Thumb Code    34  stm32f1xx_hal.o(i.HAL_InitTick)
    HAL_Millis                               0x0800102f   Thumb Code     4  hal_interface.o(i.HAL_Millis)
    HAL_MspInit                              0x08001033   Thumb Code     2  stm32f1xx_hal_msp_template.o(i.HAL_MspInit)
    HAL_NVIC_EnableIRQ                       0x08001035   Thumb Code    22  stm32f1xx_hal_cortex.o(i.HAL_NVIC_EnableIRQ)
    HAL_NVIC_SetPriority                     0x0800104d   Thumb Code    60  stm32f1xx_hal_cortex.o(i.HAL_NVIC_SetPriority)
    HAL_NVIC_SetPriorityGrouping             0x0800108d   Thumb Code    26  stm32f1xx_hal_cortex.o(i.HAL_NVIC_SetPriorityGrouping)
    HAL_Print                                0x080010b1   Thumb Code    42  hal_interface.o(i.HAL_Print)
    HAL_RCC_ClockConfig                      0x080010e1   Thumb Code   374  stm32f1xx_hal_rcc.o(i.HAL_RCC_ClockConfig)
    HAL_RCC_GetHCLKFreq                      0x08001269   Thumb Code     6  stm32f1xx_hal_rcc.o(i.HAL_RCC_GetHCLKFreq)
    HAL_RCC_GetPCLK1Freq                     0x08001275   Thumb Code    34  stm32f1xx_hal_rcc.o(i.HAL_RCC_GetPCLK1Freq)
    HAL_RCC_GetPCLK2Freq                     0x080012a5   Thumb Code    34  stm32f1xx_hal_rcc.o(i.HAL_RCC_GetPCLK2Freq)
    HAL_RCC_GetSysClockFreq                  0x080012d5   Thumb Code   102  stm32f1xx_hal_rcc.o(i.HAL_RCC_GetSysClockFreq)
    HAL_RCC_OscConfig                        0x0800135d   Thumb Code  1406  stm32f1xx_hal_rcc.o(i.HAL_RCC_OscConfig)
    HAL_SYSTICK_Config                       0x080018db   Thumb Code    40  stm32f1xx_hal_cortex.o(i.HAL_SYSTICK_Config)
    HAL_SystemInit                           0x08001905   Thumb Code    76  hal_interface.o(i.HAL_SystemInit)
    HAL_UART_Init                            0x0800195d   Thumb Code    94  stm32f1xx_hal_uart.o(i.HAL_UART_Init)
    HAL_UART_MspInit                         0x080019bd   Thumb Code   168  hal_interface.o(i.HAL_UART_MspInit)
    HAL_UART_Receive                         0x08001a79   Thumb Code   204  stm32f1xx_hal_uart.o(i.HAL_UART_Receive)
    HAL_UART_Transmit                        0x08001b45   Thumb Code   204  stm32f1xx_hal_uart.o(i.HAL_UART_Transmit)
    HAL_UartWrite                            0x08001c11   Thumb Code    20  hal_interface.o(i.HAL_UartWrite)
    HardFault_Handler                        0x08001c29   Thumb Code     2  stm32f1xx_it.o(i.HardFault_Handler)
    MemManage_Handler                        0x08001c2b   Thumb Code     2  stm32f1xx_it.o(i.MemManage_Handler)
    NMI_Handler                              0x08001c2d   Thumb Code     2  stm32f1xx_it.o(i.NMI_Handler)
    PendSV_Handler                           0x08001c4f   Thumb Code     2  stm32f1xx_it.o(i.PendSV_Handler)
    ProtocoSetupMacUplinkCount               0x08001d1d   Thumb Code    40  intoyun_protocol.o(i.ProtocoSetupMacUplinkCount)
    ProtocolExecuteDFU                       0x08001d5d   Thumb Code    38  intoyun_protocol.o(i.ProtocolExecuteDFU)
    ProtocolExecuteMacJoin                   0x08001d95   Thumb Code    44  intoyun_protocol.o(i.ProtocolExecuteMacJoin)
    ProtocolExecuteMacJoinCallback           0x08001ddd   Thumb Code    38  intoyun_protocol.o(i.ProtocolExecuteMacJoinCallback)
    ProtocolExecuteRestart                   0x08001e15   Thumb Code    38  intoyun_protocol.o(i.ProtocolExecuteRestart)
    ProtocolExecuteRestore                   0x08001e4d   Thumb Code    38  intoyun_protocol.o(i.ProtocolExecuteRestore)
    ProtocolModuleActiveSendHandle           0x08001e89   Thumb Code    10  intoyun_protocol.o(i.ProtocolModuleActiveSendHandle)
    ProtocolParserInit                       0x08002051   Thumb Code   154  intoyun_protocol.o(i.ProtocolParserInit)
    ProtocolPutPipe                          0x080024e1   Thumb Code    44  intoyun_protocol.o(i.ProtocolPutPipe)
    ProtocolQueryInfo                        0x08002511   Thumb Code    40  intoyun_protocol.o(i.ProtocolQueryInfo)
    ProtocolQueryInfoCallback                0x0800254d   Thumb Code    44  intoyun_protocol.o(i.ProtocolQueryInfoCallback)
    ProtocolQueryMacAdr                      0x0800259d   Thumb Code    42  intoyun_protocol.o(i.ProtocolQueryMacAdr)
    ProtocolQueryMacAdrCallback              0x080025e1   Thumb Code    38  intoyun_protocol.o(i.ProtocolQueryMacAdrCallback)
    ProtocolQueryMacAppEui                   0x08002619   Thumb Code    40  intoyun_protocol.o(i.ProtocolQueryMacAppEui)
    ProtocolQueryMacAppEuiCallback           0x08002659   Thumb Code    28  intoyun_protocol.o(i.ProtocolQueryMacAppEuiCallback)
    ProtocolQueryMacChannelDRRange           0x0800268d   Thumb Code    42  intoyun_protocol.o(i.ProtocolQueryMacChannelDRRange)
    ProtocolQueryMacChannelDRRangeCallback   0x080026d9   Thumb Code    32  intoyun_protocol.o(i.ProtocolQueryMacChannelDRRangeCallback)
    ProtocolQueryMacChannelEnable            0x08002711   Thumb Code    42  intoyun_protocol.o(i.ProtocolQueryMacChannelEnable)
    ProtocolQueryMacChannelEnableCallback    0x08002751   Thumb Code    38  intoyun_protocol.o(i.ProtocolQueryMacChannelEnableCallback)
    ProtocolQueryMacChannelFreq              0x08002785   Thumb Code    40  intoyun_protocol.o(i.ProtocolQueryMacChannelFreq)
    ProtocolQueryMacChannelFreqCallback      0x080027c9   Thumb Code    38  intoyun_protocol.o(i.ProtocolQueryMacChannelFreqCallback)
    ProtocolQueryMacClassType                0x08002801   Thumb Code    42  intoyun_protocol.o(i.ProtocolQueryMacClassType)
    ProtocolQueryMacClassTypeCallback        0x08002845   Thumb Code    38  intoyun_protocol.o(i.ProtocolQueryMacClassTypeCallback)
    ProtocolQueryMacConfirmedTrials          0x0800287d   Thumb Code    40  intoyun_protocol.o(i.ProtocolQueryMacConfirmedTrials)
    ProtocolQueryMacConfirmedTrialsCallback  0x080028c1   Thumb Code    38  intoyun_protocol.o(i.ProtocolQueryMacConfirmedTrialsCallback)
    ProtocolQueryMacDatarate                 0x080028fd   Thumb Code    42  intoyun_protocol.o(i.ProtocolQueryMacDatarate)
    ProtocolQueryMacDatarateCallback         0x0800293d   Thumb Code    38  intoyun_protocol.o(i.ProtocolQueryMacDatarateCallback)
    ProtocolQueryMacDeviceAddr               0x08002971   Thumb Code    40  intoyun_protocol.o(i.ProtocolQueryMacDeviceAddr)
    ProtocolQueryMacDeviceAddrCallback       0x080029b5   Thumb Code    28  intoyun_protocol.o(i.ProtocolQueryMacDeviceAddrCallback)
    ProtocolQueryMacDeviceEui                0x080029e9   Thumb Code    40  intoyun_protocol.o(i.ProtocolQueryMacDeviceEui)
    ProtocolQueryMacDeviceEuiCallback        0x08002a29   Thumb Code    28  intoyun_protocol.o(i.ProtocolQueryMacDeviceEuiCallback)
    ProtocolQueryMacDownlinkCount            0x08002a5d   Thumb Code    40  intoyun_protocol.o(i.ProtocolQueryMacDownlinkCount)
    ProtocolQueryMacDownlinkCountCallback    0x08002aa1   Thumb Code    38  intoyun_protocol.o(i.ProtocolQueryMacDownlinkCountCallback)
    ProtocolQueryMacDutyCyclePrescaler       0x08002ad9   Thumb Code    40  intoyun_protocol.o(i.ProtocolQueryMacDutyCyclePrescaler)
    ProtocolQueryMacDutyCyclePrescalerCallback 0x08002b1d   Thumb Code    38  intoyun_protocol.o(i.ProtocolQueryMacDutyCyclePrescalerCallback)
    ProtocolQueryMacGatewayNumber            0x08002b59   Thumb Code    40  intoyun_protocol.o(i.ProtocolQueryMacGatewayNumber)
    ProtocolQueryMacGatewayNumberCallback    0x08002b99   Thumb Code    38  intoyun_protocol.o(i.ProtocolQueryMacGatewayNumberCallback)
    ProtocolQueryMacJoinTrials               0x08002bd1   Thumb Code    40  intoyun_protocol.o(i.ProtocolQueryMacJoinTrials)
    ProtocolQueryMacJoinTrialsCallback       0x08002c15   Thumb Code    38  intoyun_protocol.o(i.ProtocolQueryMacJoinTrialsCallback)
    ProtocolQueryMacMargin                   0x08002c51   Thumb Code    40  intoyun_protocol.o(i.ProtocolQueryMacMargin)
    ProtocolQueryMacMarginCallback           0x08002c91   Thumb Code    40  intoyun_protocol.o(i.ProtocolQueryMacMarginCallback)
    ProtocolQueryMacRX1Delay                 0x08002cc9   Thumb Code    38  intoyun_protocol.o(i.ProtocolQueryMacRX1Delay)
    ProtocolQueryMacRX1DelayCallback         0x08002d0d   Thumb Code    38  intoyun_protocol.o(i.ProtocolQueryMacRX1DelayCallback)
    ProtocolQueryMacRX2Params                0x08002d49   Thumb Code    40  intoyun_protocol.o(i.ProtocolQueryMacRX2Params)
    ProtocolQueryMacRX2ParamsCallback        0x08002d8d   Thumb Code    28  intoyun_protocol.o(i.ProtocolQueryMacRX2ParamsCallback)
    ProtocolQueryMacSnr                      0x08002dc1   Thumb Code    40  intoyun_protocol.o(i.ProtocolQueryMacSnr)
    ProtocolQueryMacSnrCallback              0x08002e01   Thumb Code    38  intoyun_protocol.o(i.ProtocolQueryMacSnrCallback)
    ProtocolQueryMacUncomfirmedTrials        0x08002e39   Thumb Code    40  intoyun_protocol.o(i.ProtocolQueryMacUncomfirmedTrials)
    ProtocolQueryMacUnconfirmedTrialsCallback 0x08002e81   Thumb Code    38  intoyun_protocol.o(i.ProtocolQueryMacUnconfirmedTrialsCallback)
    ProtocolQueryMacUplinkCount              0x08002ec1   Thumb Code    40  intoyun_protocol.o(i.ProtocolQueryMacUplinkCount)
    ProtocolQueryMacUplinkCountCallback      0x08002f05   Thumb Code    38  intoyun_protocol.o(i.ProtocolQueryMacUplinkCountCallback)
    ProtocolSendPlatformData                 0x08002f41   Thumb Code    90  intoyun_protocol.o(i.ProtocolSendPlatformData)
    ProtocolSetupDevice                      0x08002fc1   Thumb Code    44  intoyun_protocol.o(i.ProtocolSetupDevice)
    ProtocolSetupMacABPParams                0x0800300d   Thumb Code    44  intoyun_protocol.o(i.ProtocolSetupMacABPParams)
    ProtocolSetupMacAdr                      0x08003061   Thumb Code    40  intoyun_protocol.o(i.ProtocolSetupMacAdr)
    ProtocolSetupMacChannelDRRange           0x0800309d   Thumb Code    44  intoyun_protocol.o(i.ProtocolSetupMacChannelDRRange)
    ProtocolSetupMacChannelEnable            0x080030e9   Thumb Code    42  intoyun_protocol.o(i.ProtocolSetupMacChannelEnable)
    ProtocolSetupMacChannelFreq              0x0800312d   Thumb Code    42  intoyun_protocol.o(i.ProtocolSetupMacChannelFreq)
    ProtocolSetupMacClassType                0x08003175   Thumb Code    40  intoyun_protocol.o(i.ProtocolSetupMacClassType)
    ProtocolSetupMacConfirmedTrials          0x080031b5   Thumb Code    40  intoyun_protocol.o(i.ProtocolSetupMacConfirmedTrials)
    ProtocolSetupMacDatarate                 0x080031f9   Thumb Code    40  intoyun_protocol.o(i.ProtocolSetupMacDatarate)
    ProtocolSetupMacDownlinkCount            0x08003235   Thumb Code    40  intoyun_protocol.o(i.ProtocolSetupMacDownlinkCount)
    ProtocolSetupMacDutyCyclePrescaler       0x08003279   Thumb Code    40  intoyun_protocol.o(i.ProtocolSetupMacDutyCyclePrescaler)
    ProtocolSetupMacJoinTrials               0x080032b9   Thumb Code    40  intoyun_protocol.o(i.ProtocolSetupMacJoinTrials)
    ProtocolSetupMacOTAAParams               0x080032fd   Thumb Code    44  intoyun_protocol.o(i.ProtocolSetupMacOTAAParams)
    ProtocolSetupMacPowerIndex               0x08003351   Thumb Code    40  intoyun_protocol.o(i.ProtocolSetupMacPowerIndex)
    ProtocolSetupMacRX1Delay                 0x08003391   Thumb Code    40  intoyun_protocol.o(i.ProtocolSetupMacRX1Delay)
    ProtocolSetupMacRX2Params                0x080033d1   Thumb Code    42  intoyun_protocol.o(i.ProtocolSetupMacRX2Params)
    ProtocolSetupMacUncomfirmedTrials        0x08003419   Thumb Code    40  intoyun_protocol.o(i.ProtocolSetupMacUncomfirmedTrials)
    ProtocolSetupProtocolMode                0x0800345d   Thumb Code    40  intoyun_protocol.o(i.ProtocolSetupProtocolMode)
    ProtocolSetupSystemSleep                 0x0800349d   Thumb Code    40  intoyun_protocol.o(i.ProtocolSetupSystemSleep)
    SVC_Handler                              0x080034d9   Thumb Code     2  stm32f1xx_it.o(i.SVC_Handler)
    SysTick_Handler                          0x080034f5   Thumb Code     4  stm32f1xx_it.o(i.SysTick_Handler)
    SystemInit                               0x0800355d   Thumb Code    56  system_stm32f1xx.o(i.SystemInit)
    USART1_IRQHandler                        0x080037a9   Thumb Code    26  stm32f1xx_it.o(i.USART1_IRQHandler)
    UsageFault_Handler                       0x080037cd   Thumb Code     2  stm32f1xx_it.o(i.UsageFault_Handler)
    __0snprintf                              0x080037d1   Thumb Code    44  printfa.o(i.__0snprintf)
    __1snprintf                              0x080037d1   Thumb Code     0  printfa.o(i.__0snprintf)
    __2snprintf                              0x080037d1   Thumb Code     0  printfa.o(i.__0snprintf)
    __c89snprintf                            0x080037d1   Thumb Code     0  printfa.o(i.__0snprintf)
    snprintf                                 0x080037d1   Thumb Code     0  printfa.o(i.__0snprintf)
    __0sprintf                               0x08003801   Thumb Code    34  printfa.o(i.__0sprintf)
    __1sprintf                               0x08003801   Thumb Code     0  printfa.o(i.__0sprintf)
    __2sprintf                               0x08003801   Thumb Code     0  printfa.o(i.__0sprintf)
    __c89sprintf                             0x08003801   Thumb Code     0  printfa.o(i.__0sprintf)
    sprintf                                  0x08003801   Thumb Code     0  printfa.o(i.__0sprintf)
    __0vsnprintf                             0x08003829   Thumb Code    40  printfa.o(i.__0vsnprintf)
    __1vsnprintf                             0x08003829   Thumb Code     0  printfa.o(i.__0vsnprintf)
    __2vsnprintf                             0x08003829   Thumb Code     0  printfa.o(i.__0vsnprintf)
    __c89vsnprintf                           0x08003829   Thumb Code     0  printfa.o(i.__0vsnprintf)
    vsnprintf                                0x08003829   Thumb Code     0  printfa.o(i.__0vsnprintf)
    __scatterload_copy                       0x08003855   Thumb Code    14  handlers.o(i.__scatterload_copy)
    __scatterload_null                       0x08003863   Thumb Code     2  handlers.o(i.__scatterload_null)
    __scatterload_zeroinit                   0x08003865   Thumb Code    14  handlers.o(i.__scatterload_zeroinit)
    _log_print                               0x080039f9   Thumb Code    82  intoyun_log.o(i._log_print)
    _log_print_dump                          0x08003a5d   Thumb Code    68  intoyun_log.o(i._log_print_dump)
    delay                                    0x08004227   Thumb Code    42  intoyun_interface.o(i.delay)
    free                                     0x08004251   Thumb Code    76  malloc.o(i.free)
    intoyunDefineDatapointBinary             0x080042d9   Thumb Code    92  intoyun_datapoint.o(i.intoyunDefineDatapointBinary)
    intoyunDefineDatapointBool               0x0800433d   Thumb Code    54  intoyun_datapoint.o(i.intoyunDefineDatapointBool)
    intoyunDefineDatapointEnum               0x0800437d   Thumb Code    58  intoyun_datapoint.o(i.intoyunDefineDatapointEnum)
    intoyunDefineDatapointNumber             0x080043c1   Thumb Code   138  intoyun_datapoint.o(i.intoyunDefineDatapointNumber)
    intoyunDefineDatapointString             0x08004455   Thumb Code    88  intoyun_datapoint.o(i.intoyunDefineDatapointString)
    intoyunExecuteDFU                        0x080044e5   Thumb Code     4  intoyun_datapoint.o(i.intoyunExecuteDFU)
    intoyunExecuteDisconnect                 0x080044e9   Thumb Code     8  intoyun_datapoint.o(i.intoyunExecuteDisconnect)
    intoyunExecuteMacJoin                    0x080044f1   Thumb Code   116  intoyun_datapoint.o(i.intoyunExecuteMacJoin)
    intoyunExecuteRestart                    0x0800457d   Thumb Code     4  intoyun_datapoint.o(i.intoyunExecuteRestart)
    intoyunExecuteRestore                    0x08004581   Thumb Code     4  intoyun_datapoint.o(i.intoyunExecuteRestore)
    intoyunInit                              0x080046c9   Thumb Code    14  intoyun_datapoint.o(i.intoyunInit)
    intoyunLoop                              0x080046d7   Thumb Code     4  intoyun_datapoint.o(i.intoyunLoop)
    intoyunMacReceive                        0x080046dd   Thumb Code    42  intoyun_datapoint.o(i.intoyunMacReceive)
    intoyunParseReceiveDatapoints            0x0800470d   Thumb Code   554  intoyun_datapoint.o(i.intoyunParseReceiveDatapoints)
    intoyunPutPipe                           0x08004d1d   Thumb Code     4  intoyun_datapoint.o(i.intoyunPutPipe)
    intoyunQueryConnected                    0x08004d21   Thumb Code     6  intoyun_datapoint.o(i.intoyunQueryConnected)
    intoyunQueryDisconnected                 0x08004d2d   Thumb Code    16  intoyun_datapoint.o(i.intoyunQueryDisconnected)
    intoyunQueryInfo                         0x08004d41   Thumb Code   102  intoyun_datapoint.o(i.intoyunQueryInfo)
    intoyunQueryMacAdr                       0x08004df1   Thumb Code    14  intoyun_datapoint.o(i.intoyunQueryMacAdr)
    intoyunQueryMacAppEui                    0x08004dff   Thumb Code     4  intoyun_datapoint.o(i.intoyunQueryMacAppEui)
    intoyunQueryMacChannelDRRange            0x08004e03   Thumb Code    36  intoyun_datapoint.o(i.intoyunQueryMacChannelDRRange)
    intoyunQueryMacChannelEnable             0x08004e27   Thumb Code    18  intoyun_datapoint.o(i.intoyunQueryMacChannelEnable)
    intoyunQueryMacChannelFreq               0x08004e39   Thumb Code    12  intoyun_datapoint.o(i.intoyunQueryMacChannelFreq)
    intoyunQueryMacClassType                 0x08004e45   Thumb Code     4  intoyun_datapoint.o(i.intoyunQueryMacClassType)
    intoyunQueryMacConfirmedTrials           0x08004e49   Thumb Code     4  intoyun_datapoint.o(i.intoyunQueryMacConfirmedTrials)
    intoyunQueryMacDatarate                  0x08004e4d   Thumb Code     4  intoyun_datapoint.o(i.intoyunQueryMacDatarate)
    intoyunQueryMacDeviceAddr                0x08004e51   Thumb Code     4  intoyun_datapoint.o(i.intoyunQueryMacDeviceAddr)
    intoyunQueryMacDeviceEui                 0x08004e55   Thumb Code     4  intoyun_datapoint.o(i.intoyunQueryMacDeviceEui)
    intoyunQueryMacDownlinkCount             0x08004e59   Thumb Code     4  intoyun_datapoint.o(i.intoyunQueryMacDownlinkCount)
    intoyunQueryMacDutyCyclePrescaler        0x08004e5d   Thumb Code     4  intoyun_datapoint.o(i.intoyunQueryMacDutyCyclePrescaler)
    intoyunQueryMacGatewayNumber             0x08004e61   Thumb Code     4  intoyun_datapoint.o(i.intoyunQueryMacGatewayNumber)
    intoyunQueryMacJoinTrials                0x08004e65   Thumb Code     4  intoyun_datapoint.o(i.intoyunQueryMacJoinTrials)
    intoyunQueryMacMargin                    0x08004e69   Thumb Code     4  intoyun_datapoint.o(i.intoyunQueryMacMargin)
    intoyunQueryMacRX1Delay                  0x08004e6d   Thumb Code    10  intoyun_datapoint.o(i.intoyunQueryMacRX1Delay)
    intoyunQueryMacRX2Params                 0x08004e77   Thumb Code    28  intoyun_datapoint.o(i.intoyunQueryMacRX2Params)
    intoyunQueryMacRssi                      0x08004e95   Thumb Code    10  intoyun_datapoint.o(i.intoyunQueryMacRssi)
    intoyunQueryMacSendStatus                0x08004ea5   Thumb Code     8  intoyun_datapoint.o(i.intoyunQueryMacSendStatus)
    intoyunQueryMacSnr                       0x08004eb1   Thumb Code     4  intoyun_datapoint.o(i.intoyunQueryMacSnr)
    intoyunQueryMacUncomfirmedTrials         0x08004eb5   Thumb Code     4  intoyun_datapoint.o(i.intoyunQueryMacUncomfirmedTrials)
    intoyunQueryMacUplinkCount               0x08004eb9   Thumb Code     4  intoyun_datapoint.o(i.intoyunQueryMacUplinkCount)
    intoyunReadDatapointBinary               0x08004ebd   Thumb Code    72  intoyun_datapoint.o(i.intoyunReadDatapointBinary)
    intoyunReadDatapointBool                 0x08004f09   Thumb Code    40  intoyun_datapoint.o(i.intoyunReadDatapointBool)
    intoyunReadDatapointEnum                 0x08004f35   Thumb Code    38  intoyun_datapoint.o(i.intoyunReadDatapointEnum)
    intoyunReadDatapointNumberDouble         0x08004f61   Thumb Code    42  intoyun_datapoint.o(i.intoyunReadDatapointNumberDouble)
    intoyunReadDatapointNumberInt32          0x08004f91   Thumb Code    38  intoyun_datapoint.o(i.intoyunReadDatapointNumberInt32)
    intoyunReadDatapointString               0x08004fbd   Thumb Code    80  intoyun_datapoint.o(i.intoyunReadDatapointString)
    intoyunSendAllDatapointManual            0x08005011   Thumb Code    36  intoyun_datapoint.o(i.intoyunSendAllDatapointManual)
    intoyunSendConfirmed                     0x0800503d   Thumb Code    18  intoyun_datapoint.o(i.intoyunSendConfirmed)
    intoyunSendDatapointBinary               0x0800510d   Thumb Code    88  intoyun_datapoint.o(i.intoyunSendDatapointBinary)
    intoyunSendDatapointBool                 0x08005169   Thumb Code    82  intoyun_datapoint.o(i.intoyunSendDatapointBool)
    intoyunSendDatapointEnum                 0x080051c1   Thumb Code    82  intoyun_datapoint.o(i.intoyunSendDatapointEnum)
    intoyunSendDatapointNumberDouble         0x08005219   Thumb Code    88  intoyun_datapoint.o(i.intoyunSendDatapointNumberDouble)
    intoyunSendDatapointNumberInt32          0x08005275   Thumb Code    82  intoyun_datapoint.o(i.intoyunSendDatapointNumberInt32)
    intoyunSendDatapointString               0x080052cd   Thumb Code    82  intoyun_datapoint.o(i.intoyunSendDatapointString)
    intoyunSendUnconfirmed                   0x08005395   Thumb Code    18  intoyun_datapoint.o(i.intoyunSendUnconfirmed)
    intoyunSetEventCallback                  0x080053a9   Thumb Code    10  intoyun_datapoint.o(i.intoyunSetEventCallback)
    intoyunSetupDevice                       0x080053b9   Thumb Code     4  intoyun_datapoint.o(i.intoyunSetupDevice)
    intoyunSetupMacABPParams                 0x080053bd   Thumb Code     4  intoyun_datapoint.o(i.intoyunSetupMacABPParams)
    intoyunSetupMacAdr                       0x080053c1   Thumb Code     8  intoyun_datapoint.o(i.intoyunSetupMacAdr)
    intoyunSetupMacChannelDRRange            0x080053c9   Thumb Code    16  intoyun_datapoint.o(i.intoyunSetupMacChannelDRRange)
    intoyunSetupMacChannelEnable             0x080053d9   Thumb Code    16  intoyun_datapoint.o(i.intoyunSetupMacChannelEnable)
    intoyunSetupMacChannelFreq               0x080053e9   Thumb Code    24  intoyun_datapoint.o(i.intoyunSetupMacChannelFreq)
    intoyunSetupMacClassType                 0x08005409   Thumb Code     4  intoyun_datapoint.o(i.intoyunSetupMacClassType)
    intoyunSetupMacConfirmedTrials           0x0800540d   Thumb Code    12  intoyun_datapoint.o(i.intoyunSetupMacConfirmedTrials)
    intoyunSetupMacDatarate                  0x08005419   Thumb Code    12  intoyun_datapoint.o(i.intoyunSetupMacDatarate)
    intoyunSetupMacDownlinkCount             0x08005425   Thumb Code     4  intoyun_datapoint.o(i.intoyunSetupMacDownlinkCount)
    intoyunSetupMacDutyCyclePrescaler        0x08005429   Thumb Code     4  intoyun_datapoint.o(i.intoyunSetupMacDutyCyclePrescaler)
    intoyunSetupMacJoinTrials                0x0800542d   Thumb Code     4  intoyun_datapoint.o(i.intoyunSetupMacJoinTrials)
    intoyunSetupMacOTAAParams                0x08005431   Thumb Code     4  intoyun_datapoint.o(i.intoyunSetupMacOTAAParams)
    intoyunSetupMacPowerIndex                0x08005435   Thumb Code     4  intoyun_datapoint.o(i.intoyunSetupMacPowerIndex)
    intoyunSetupMacRX1Delay                  0x08005439   Thumb Code     4  intoyun_datapoint.o(i.intoyunSetupMacRX1Delay)
    intoyunSetupMacRX2Params                 0x0800543d   Thumb Code    22  intoyun_datapoint.o(i.intoyunSetupMacRX2Params)
    intoyunSetupMacUnconfirmedTrials         0x0800545d   Thumb Code    12  intoyun_datapoint.o(i.intoyunSetupMacUnconfirmedTrials)
    intoyunSetupMacUplinkCount               0x08005469   Thumb Code     4  intoyun_datapoint.o(i.intoyunSetupMacUplinkCount)
    intoyunSetupProtocol                     0x0800546d   Thumb Code    12  intoyun_datapoint.o(i.intoyunSetupProtocol)
    intoyunSetupSystemSleep                  0x08005479   Thumb Code     4  intoyun_datapoint.o(i.intoyunSetupSystemSleep)
    intoyunWriteDatapointBinary              0x08005515   Thumb Code     6  intoyun_datapoint.o(i.intoyunWriteDatapointBinary)
    intoyunWriteDatapointBool                0x0800551b   Thumb Code     6  intoyun_datapoint.o(i.intoyunWriteDatapointBool)
    intoyunWriteDatapointEnum                0x08005521   Thumb Code     6  intoyun_datapoint.o(i.intoyunWriteDatapointEnum)
    intoyunWriteDatapointNumberDouble        0x08005527   Thumb Code    12  intoyun_datapoint.o(i.intoyunWriteDatapointNumberDouble)
    intoyunWriteDatapointNumberInt32         0x08005533   Thumb Code     6  intoyun_datapoint.o(i.intoyunWriteDatapointNumberInt32)
    intoyunWriteDatapointString              0x08005539   Thumb Code     6  intoyun_datapoint.o(i.intoyunWriteDatapointString)
    main                                     0x08005541   Thumb Code    20  main.o(i.main)
    malloc                                   0x08005559   Thumb Code    92  malloc.o(i.malloc)
    millis                                   0x080055c5   Thumb Code     4  intoyun_interface.o(i.millis)
    system_event_callback                    0x080055c9   Thumb Code   114  main.o(i.system_event_callback)
    userHandle                               0x08005645   Thumb Code   150  main.o(i.userHandle)
    userInit                                 0x080056f5   Thumb Code   198  main.o(i.userInit)
    AHBPrescTable                            0x08005814   Data          16  system_stm32f1xx.o(.constdata)
    APBPrescTable                            0x08005824   Data           8  system_stm32f1xx.o(.constdata)
    System                                   0x0800582c   Data          44  intoyun_interface.o(.constdata)
    Cloud                                    0x08005858   Data         112  intoyun_interface.o(.constdata)
    LoRaWan                                  0x080058c8   Data         168  intoyun_interface.o(.constdata)
    __ctype_categories                       0x08005970   Data          64  ctype_c.o(.constdata)
    Region$$Table$$Base                      0x08005a30   Number         0  anon$$obj.o(Region$$Table)
    Region$$Table$$Limit                     0x08005a50   Number         0  anon$$obj.o(Region$$Table)
    dpBoolLightSwitch                        0x20000000   Data           1  main.o(.data)
    dpBinaryLen                              0x20000002   Data           2  main.o(.data)
    dpNumberSpeed                            0x20000004   Data           4  main.o(.data)
    dpEnumLightMode                          0x20000008   Data           4  main.o(.data)
    dpNumberTemperature                      0x20000010   Data           8  main.o(.data)
    dpStringLcdDisplay                       0x20000018   Data          50  main.o(.data)
    dpBinaryVal                              0x2000004a   Data           9  main.o(.data)
    SystemCoreClock                          0x20000054   Data           4  system_stm32f1xx.o(.data)
    loraSendResult                           0x20000058   Data           1  intoyun_datapoint.o(.data)
    loraSendStatus                           0x20000059   Data           1  intoyun_datapoint.o(.data)
    properties_count                         0x2000005c   Data           4  intoyun_datapoint.o(.data)
    loraEventHandler                         0x20000060   Data           4  intoyun_datapoint.o(.data)
    lorawanJoinStatus                        0x20000064   Data           4  intoyun_datapoint.o(.data)
    __microlib_freelist                      0x200000e0   Data           4  mvars.o(.data)
    __microlib_freelist_initialised          0x200000e4   Data           4  mvars.o(.data)
    huart1                                   0x200000e8   Data          64  hal_interface.o(.bss)
    huart2                                   0x20000128   Data          64  hal_interface.o(.bss)
    g_datapoint_control                      0x20000168   Data          12  intoyun_datapoint.o(.bss)
    properties                               0x20000174   Data         200  intoyun_datapoint.o(.bss)
    pipeRx                                   0x2000023c   Data          24  intoyun_protocol.o(.bss)
    loraBuffer                               0x20000254   Data         264  intoyun_protocol.o(.bss)
    __heap_base                              0x20000360   Data           0  startup_stm32f103xb.o(HEAP)
    __heap_limit                             0x20000b60   Data           0  startup_stm32f103xb.o(HEAP)
    __initial_sp                             0x20000f60   Data           0  startup_stm32f103xb.o(STACK)



==============================================================================

Memory Map of the image

  Image Entry point : 0x080000ed

  Load Region LR_IROM1 (Base: 0x08000000, Size: 0x00005b38, Max: 0x00020000, ABSOLUTE)

    Execution Region ER_IROM1 (Base: 0x08000000, Size: 0x00005a50, Max: 0x00020000, ABSOLUTE)

    Base Addr    Size         Type   Attr      Idx    E Section Name        Object

    0x08000000   0x000000ec   Data   RO           88    RESET               startup_stm32f103xb.o
    0x080000ec   0x00000000   Code   RO         4949  * .ARM.Collect$$$$00000000  mc_w.l(entry.o)
    0x080000ec   0x00000004   Code   RO         5279    .ARM.Collect$$$$00000001  mc_w.l(entry2.o)
    0x080000f0   0x00000004   Code   RO         5282    .ARM.Collect$$$$00000004  mc_w.l(entry5.o)
    0x080000f4   0x00000000   Code   RO         5284    .ARM.Collect$$$$00000008  mc_w.l(entry7b.o)
    0x080000f4   0x00000000   Code   RO         5286    .ARM.Collect$$$$0000000A  mc_w.l(entry8b.o)
    0x080000f4   0x00000008   Code   RO         5287    .ARM.Collect$$$$0000000B  mc_w.l(entry9a.o)
    0x080000fc   0x00000000   Code   RO         5289    .ARM.Collect$$$$0000000D  mc_w.l(entry10a.o)
    0x080000fc   0x00000000   Code   RO         5291    .ARM.Collect$$$$0000000F  mc_w.l(entry11a.o)
    0x080000fc   0x00000004   Code   RO         5280    .ARM.Collect$$$$00002712  mc_w.l(entry2.o)
    0x08000100   0x00000024   Code   RO           89    .text               startup_stm32f103xb.o
    0x08000124   0x00000020   Code   RO         4952    .text               mc_w.l(llushr.o)
    0x08000144   0x00000024   Code   RO         4954    .text               mc_w.l(memcpya.o)
    0x08000168   0x00000024   Code   RO         4956    .text               mc_w.l(memseta.o)
    0x0800018c   0x00000018   Code   RO         4958    .text               mc_w.l(strncpy.o)
    0x080001a4   0x00000014   Code   RO         4960    .text               mc_w.l(strchr.o)
    0x080001b8   0x0000000e   Code   RO         4962    .text               mc_w.l(strlen.o)
    0x080001c6   0x0000001c   Code   RO         4964    .text               mc_w.l(strcmp.o)
    0x080001e2   0x0000001a   Code   RO         4966    .text               mc_w.l(memcmp.o)
    0x080001fc   0x00000038   Code   RO         5259    .text               mc_w.l(__0sscanf.o)
    0x08000234   0x0000014c   Code   RO         5261    .text               mc_w.l(_scanf_int.o)
    0x08000380   0x000000e0   Code   RO         5263    .text               mc_w.l(_scanf_str.o)
    0x08000460   0x0000014e   Code   RO         5265    .text               mf_w.l(dadd.o)
    0x080005ae   0x000000e4   Code   RO         5267    .text               mf_w.l(dmul.o)
    0x08000692   0x000000de   Code   RO         5269    .text               mf_w.l(ddiv.o)
    0x08000770   0x00000022   Code   RO         5271    .text               mf_w.l(dflti.o)
    0x08000792   0x0000003e   Code   RO         5273    .text               mf_w.l(dfixi.o)
    0x080007d0   0x00000030   Code   RO         5275    .text               mf_w.l(cdcmple.o)
    0x08000800   0x00000030   Code   RO         5277    .text               mf_w.l(cdrcmple.o)
    0x08000830   0x0000002c   Code   RO         5296    .text               mc_w.l(uidiv.o)
    0x0800085c   0x00000062   Code   RO         5298    .text               mc_w.l(uldiv.o)
    0x080008be   0x0000001e   Code   RO         5300    .text               mc_w.l(llshl.o)
    0x080008dc   0x00000024   Code   RO         5302    .text               mc_w.l(llsshr.o)
    0x08000900   0x0000001c   Code   RO         5306    .text               mc_w.l(_chval.o)
    0x0800091c   0x00000028   Code   RO         5308    .text               mc_w.l(scanf_char.o)
    0x08000944   0x00000040   Code   RO         5310    .text               mc_w.l(_sgetc.o)
    0x08000984   0x00000000   Code   RO         5312    .text               mc_w.l(iusefp.o)
    0x08000984   0x000000ba   Code   RO         5313    .text               mf_w.l(depilogue.o)
    0x08000a3e   0x00000030   Code   RO         5315    .text               mf_w.l(dfixul.o)
    0x08000a6e   0x00000002   PAD
    0x08000a70   0x00000024   Code   RO         5317    .text               mc_w.l(init.o)
    0x08000a94   0x0000000a   Code   RO         5320    .text               mc_w.l(isspace_c.o)
    0x08000a9e   0x00000002   PAD
    0x08000aa0   0x0000032c   Code   RO         5322    .text               mc_w.l(_scanf.o)
    0x08000dcc   0x00000028   Code   RO         5325    .text               mc_w.l(ctype_c.o)
    0x08000df4   0x00000002   Code   RO           97    i.BusFault_Handler  stm32f1xx_it.o
    0x08000df6   0x00000002   Code   RO           98    i.DebugMon_Handler  stm32f1xx_it.o
    0x08000df8   0x00000016   Code   RO         2195    i.HAL_Delay         stm32f1xx_hal.o
    0x08000e0e   0x00000002   PAD
    0x08000e10   0x000001bc   Code   RO         2851    i.HAL_GPIO_Init     stm32f1xx_hal_gpio.o
    0x08000fcc   0x0000000c   Code   RO         2199    i.HAL_GetTick       stm32f1xx_hal.o
    0x08000fd8   0x00000010   Code   RO         2200    i.HAL_IncTick       stm32f1xx_hal.o
    0x08000fe8   0x00000024   Code   RO         2201    i.HAL_Init          stm32f1xx_hal.o
    0x0800100c   0x00000022   Code   RO         2202    i.HAL_InitTick      stm32f1xx_hal.o
    0x0800102e   0x00000004   Code   RO          311    i.HAL_Millis        hal_interface.o
    0x08001032   0x00000002   Code   RO         3041    i.HAL_MspInit       stm32f1xx_hal_msp_template.o
    0x08001034   0x00000016   Code   RO         2396    i.HAL_NVIC_EnableIRQ  stm32f1xx_hal_cortex.o
    0x0800104a   0x00000002   PAD
    0x0800104c   0x00000040   Code   RO         2402    i.HAL_NVIC_SetPriority  stm32f1xx_hal_cortex.o
    0x0800108c   0x00000024   Code   RO         2403    i.HAL_NVIC_SetPriorityGrouping  stm32f1xx_hal_cortex.o
    0x080010b0   0x00000030   Code   RO          312    i.HAL_Print         hal_interface.o
    0x080010e0   0x00000188   Code   RO         3298    i.HAL_RCC_ClockConfig  stm32f1xx_hal_rcc.o
    0x08001268   0x0000000c   Code   RO         3303    i.HAL_RCC_GetHCLKFreq  stm32f1xx_hal_rcc.o
    0x08001274   0x00000030   Code   RO         3305    i.HAL_RCC_GetPCLK1Freq  stm32f1xx_hal_rcc.o
    0x080012a4   0x00000030   Code   RO         3306    i.HAL_RCC_GetPCLK2Freq  stm32f1xx_hal_rcc.o
    0x080012d4   0x00000088   Code   RO         3307    i.HAL_RCC_GetSysClockFreq  stm32f1xx_hal_rcc.o
    0x0800135c   0x0000057e   Code   RO         3310    i.HAL_RCC_OscConfig  stm32f1xx_hal_rcc.o
    0x080018da   0x00000028   Code   RO         2407    i.HAL_SYSTICK_Config  stm32f1xx_hal_cortex.o
    0x08001902   0x00000002   PAD
    0x08001904   0x00000058   Code   RO          313    i.HAL_SystemInit    hal_interface.o
    0x0800195c   0x0000005e   Code   RO         4441    i.HAL_UART_Init     stm32f1xx_hal_uart.o
    0x080019ba   0x00000002   PAD
    0x080019bc   0x000000bc   Code   RO          315    i.HAL_UART_MspInit  hal_interface.o
    0x08001a78   0x000000cc   Code   RO         4444    i.HAL_UART_Receive  stm32f1xx_hal_uart.o
    0x08001b44   0x000000cc   Code   RO         4449    i.HAL_UART_Transmit  stm32f1xx_hal_uart.o
    0x08001c10   0x00000018   Code   RO          316    i.HAL_UartWrite     hal_interface.o
    0x08001c28   0x00000002   Code   RO           99    i.HardFault_Handler  stm32f1xx_it.o
    0x08001c2a   0x00000002   Code   RO          100    i.MemManage_Handler  stm32f1xx_it.o
    0x08001c2c   0x00000002   Code   RO          101    i.NMI_Handler       stm32f1xx_it.o
    0x08001c2e   0x00000020   Code   RO         2409    i.NVIC_SetPriority  stm32f1xx_hal_cortex.o
    0x08001c4e   0x00000002   Code   RO          102    i.PendSV_Handler    stm32f1xx_it.o
    0x08001c50   0x00000014   Code   RO         1311    i.PipeFree          intoyun_protocol.o
    0x08001c64   0x00000060   Code   RO         1312    i.PipeGet           intoyun_protocol.o
    0x08001cc4   0x0000000e   Code   RO         1313    i.PipeInc           intoyun_protocol.o
    0x08001cd2   0x00000018   Code   RO         1314    i.PipeNext          intoyun_protocol.o
    0x08001cea   0x00000022   Code   RO         1315    i.PipeSet           intoyun_protocol.o
    0x08001d0c   0x00000010   Code   RO         1316    i.PipeSize          intoyun_protocol.o
    0x08001d1c   0x00000040   Code   RO         1317    i.ProtocoSetupMacUplinkCount  intoyun_protocol.o
    0x08001d5c   0x00000038   Code   RO         1318    i.ProtocolExecuteDFU  intoyun_protocol.o
    0x08001d94   0x00000048   Code   RO         1319    i.ProtocolExecuteMacJoin  intoyun_protocol.o
    0x08001ddc   0x00000038   Code   RO         1320    i.ProtocolExecuteMacJoinCallback  intoyun_protocol.o
    0x08001e14   0x00000038   Code   RO         1323    i.ProtocolExecuteRestart  intoyun_protocol.o
    0x08001e4c   0x0000003c   Code   RO         1324    i.ProtocolExecuteRestore  intoyun_protocol.o
    0x08001e88   0x0000000a   Code   RO         1325    i.ProtocolModuleActiveSendHandle  intoyun_protocol.o
    0x08001e92   0x00000002   PAD
    0x08001e94   0x000000d4   Code   RO         1326    i.ProtocolParserFormated  intoyun_protocol.o
    0x08001f68   0x000000e8   Code   RO         1327    i.ProtocolParserGetOnePacket  intoyun_protocol.o
    0x08002050   0x000000ec   Code   RO         1328    i.ProtocolParserInit  intoyun_protocol.o
    0x0800213c   0x00000078   Code   RO         1329    i.ProtocolParserMatch  intoyun_protocol.o
    0x080021b4   0x00000038   Code   RO         1330    i.ProtocolParserSendFormated  intoyun_protocol.o
    0x080021ec   0x000002f4   Code   RO         1331    i.ProtocolParserWaitFinalResp  intoyun_protocol.o
    0x080024e0   0x00000030   Code   RO         1332    i.ProtocolPutPipe   intoyun_protocol.o
    0x08002510   0x0000003c   Code   RO         1333    i.ProtocolQueryInfo  intoyun_protocol.o
    0x0800254c   0x00000050   Code   RO         1334    i.ProtocolQueryInfoCallback  intoyun_protocol.o
    0x0800259c   0x00000044   Code   RO         1335    i.ProtocolQueryMacAdr  intoyun_protocol.o
    0x080025e0   0x00000038   Code   RO         1336    i.ProtocolQueryMacAdrCallback  intoyun_protocol.o
    0x08002618   0x00000040   Code   RO         1337    i.ProtocolQueryMacAppEui  intoyun_protocol.o
    0x08002658   0x00000034   Code   RO         1338    i.ProtocolQueryMacAppEuiCallback  intoyun_protocol.o
    0x0800268c   0x0000004c   Code   RO         1339    i.ProtocolQueryMacChannelDRRange  intoyun_protocol.o
    0x080026d8   0x00000038   Code   RO         1340    i.ProtocolQueryMacChannelDRRangeCallback  intoyun_protocol.o
    0x08002710   0x00000040   Code   RO         1341    i.ProtocolQueryMacChannelEnable  intoyun_protocol.o
    0x08002750   0x00000034   Code   RO         1342    i.ProtocolQueryMacChannelEnableCallback  intoyun_protocol.o
    0x08002784   0x00000044   Code   RO         1343    i.ProtocolQueryMacChannelFreq  intoyun_protocol.o
    0x080027c8   0x00000038   Code   RO         1344    i.ProtocolQueryMacChannelFreqCallback  intoyun_protocol.o
    0x08002800   0x00000044   Code   RO         1345    i.ProtocolQueryMacClassType  intoyun_protocol.o
    0x08002844   0x00000038   Code   RO         1346    i.ProtocolQueryMacClassTypeCallback  intoyun_protocol.o
    0x0800287c   0x00000044   Code   RO         1347    i.ProtocolQueryMacConfirmedTrials  intoyun_protocol.o
    0x080028c0   0x0000003c   Code   RO         1348    i.ProtocolQueryMacConfirmedTrialsCallback  intoyun_protocol.o
    0x080028fc   0x00000040   Code   RO         1349    i.ProtocolQueryMacDatarate  intoyun_protocol.o
    0x0800293c   0x00000034   Code   RO         1350    i.ProtocolQueryMacDatarateCallback  intoyun_protocol.o
    0x08002970   0x00000044   Code   RO         1351    i.ProtocolQueryMacDeviceAddr  intoyun_protocol.o
    0x080029b4   0x00000034   Code   RO         1352    i.ProtocolQueryMacDeviceAddrCallback  intoyun_protocol.o
    0x080029e8   0x00000040   Code   RO         1353    i.ProtocolQueryMacDeviceEui  intoyun_protocol.o
    0x08002a28   0x00000034   Code   RO         1354    i.ProtocolQueryMacDeviceEuiCallback  intoyun_protocol.o
    0x08002a5c   0x00000044   Code   RO         1355    i.ProtocolQueryMacDownlinkCount  intoyun_protocol.o
    0x08002aa0   0x00000038   Code   RO         1356    i.ProtocolQueryMacDownlinkCountCallback  intoyun_protocol.o
    0x08002ad8   0x00000044   Code   RO         1357    i.ProtocolQueryMacDutyCyclePrescaler  intoyun_protocol.o
    0x08002b1c   0x0000003c   Code   RO         1358    i.ProtocolQueryMacDutyCyclePrescalerCallback  intoyun_protocol.o
    0x08002b58   0x00000040   Code   RO         1359    i.ProtocolQueryMacGatewayNumber  intoyun_protocol.o
    0x08002b98   0x00000038   Code   RO         1360    i.ProtocolQueryMacGatewayNumberCallback  intoyun_protocol.o
    0x08002bd0   0x00000044   Code   RO         1361    i.ProtocolQueryMacJoinTrials  intoyun_protocol.o
    0x08002c14   0x0000003c   Code   RO         1362    i.ProtocolQueryMacJoinTrialsCallback  intoyun_protocol.o
    0x08002c50   0x00000040   Code   RO         1363    i.ProtocolQueryMacMargin  intoyun_protocol.o
    0x08002c90   0x00000038   Code   RO         1364    i.ProtocolQueryMacMarginCallback  intoyun_protocol.o
    0x08002cc8   0x00000044   Code   RO         1365    i.ProtocolQueryMacRX1Delay  intoyun_protocol.o
    0x08002d0c   0x0000003c   Code   RO         1366    i.ProtocolQueryMacRX1DelayCallback  intoyun_protocol.o
    0x08002d48   0x00000044   Code   RO         1367    i.ProtocolQueryMacRX2Params  intoyun_protocol.o
    0x08002d8c   0x00000034   Code   RO         1368    i.ProtocolQueryMacRX2ParamsCallback  intoyun_protocol.o
    0x08002dc0   0x00000040   Code   RO         1371    i.ProtocolQueryMacSnr  intoyun_protocol.o
    0x08002e00   0x00000038   Code   RO         1372    i.ProtocolQueryMacSnrCallback  intoyun_protocol.o
    0x08002e38   0x00000048   Code   RO         1373    i.ProtocolQueryMacUncomfirmedTrials  intoyun_protocol.o
    0x08002e80   0x00000040   Code   RO         1374    i.ProtocolQueryMacUnconfirmedTrialsCallback  intoyun_protocol.o
    0x08002ec0   0x00000044   Code   RO         1375    i.ProtocolQueryMacUplinkCount  intoyun_protocol.o
    0x08002f04   0x0000003c   Code   RO         1376    i.ProtocolQueryMacUplinkCountCallback  intoyun_protocol.o
    0x08002f40   0x00000080   Code   RO         1415    i.ProtocolSendPlatformData  intoyun_protocol.o
    0x08002fc0   0x0000004c   Code   RO         1417    i.ProtocolSetupDevice  intoyun_protocol.o
    0x0800300c   0x00000054   Code   RO         1418    i.ProtocolSetupMacABPParams  intoyun_protocol.o
    0x08003060   0x0000003c   Code   RO         1419    i.ProtocolSetupMacAdr  intoyun_protocol.o
    0x0800309c   0x0000004c   Code   RO         1420    i.ProtocolSetupMacChannelDRRange  intoyun_protocol.o
    0x080030e8   0x00000044   Code   RO         1421    i.ProtocolSetupMacChannelEnable  intoyun_protocol.o
    0x0800312c   0x00000048   Code   RO         1422    i.ProtocolSetupMacChannelFreq  intoyun_protocol.o
    0x08003174   0x00000040   Code   RO         1423    i.ProtocolSetupMacClassType  intoyun_protocol.o
    0x080031b4   0x00000044   Code   RO         1424    i.ProtocolSetupMacConfirmedTrials  intoyun_protocol.o
    0x080031f8   0x0000003c   Code   RO         1425    i.ProtocolSetupMacDatarate  intoyun_protocol.o
    0x08003234   0x00000044   Code   RO         1426    i.ProtocolSetupMacDownlinkCount  intoyun_protocol.o
    0x08003278   0x00000040   Code   RO         1427    i.ProtocolSetupMacDutyCyclePrescaler  intoyun_protocol.o
    0x080032b8   0x00000044   Code   RO         1428    i.ProtocolSetupMacJoinTrials  intoyun_protocol.o
    0x080032fc   0x00000054   Code   RO         1429    i.ProtocolSetupMacOTAAParams  intoyun_protocol.o
    0x08003350   0x00000040   Code   RO         1430    i.ProtocolSetupMacPowerIndex  intoyun_protocol.o
    0x08003390   0x00000040   Code   RO         1431    i.ProtocolSetupMacRX1Delay  intoyun_protocol.o
    0x080033d0   0x00000048   Code   RO         1432    i.ProtocolSetupMacRX2Params  intoyun_protocol.o
    0x08003418   0x00000044   Code   RO         1433    i.ProtocolSetupMacUncomfirmedTrials  intoyun_protocol.o
    0x0800345c   0x00000040   Code   RO         1434    i.ProtocolSetupProtocolMode  intoyun_protocol.o
    0x0800349c   0x0000003c   Code   RO         1453    i.ProtocolSetupSystemSleep  intoyun_protocol.o
    0x080034d8   0x00000002   Code   RO          103    i.SVC_Handler       stm32f1xx_it.o
    0x080034da   0x0000001a   Code   RO         1454    i.SerialPipePut     intoyun_protocol.o
    0x080034f4   0x00000004   Code   RO          104    i.SysTick_Handler   stm32f1xx_it.o
    0x080034f8   0x00000064   Code   RO          317    i.SystemClockConfig  hal_interface.o
    0x0800355c   0x00000048   Code   RO          270    i.SystemInit        system_stm32f1xx.o
    0x080035a4   0x00000170   Code   RO         4460    i.UART_SetConfig    stm32f1xx_hal_uart.o
    0x08003714   0x00000092   Code   RO         4462    i.UART_WaitOnFlagUntilTimeout  stm32f1xx_hal_uart.o
    0x080037a6   0x00000002   PAD
    0x080037a8   0x00000024   Code   RO          105    i.USART1_IRQHandler  stm32f1xx_it.o
    0x080037cc   0x00000002   Code   RO          106    i.UsageFault_Handler  stm32f1xx_it.o
    0x080037ce   0x00000002   PAD
    0x080037d0   0x00000030   Code   RO         5204    i.__0snprintf       mc_w.l(printfa.o)
    0x08003800   0x00000028   Code   RO         5205    i.__0sprintf        mc_w.l(printfa.o)
    0x08003828   0x0000002c   Code   RO         5208    i.__0vsnprintf      mc_w.l(printfa.o)
    0x08003854   0x0000000e   Code   RO         5330    i.__scatterload_copy  mc_w.l(handlers.o)
    0x08003862   0x00000002   Code   RO         5331    i.__scatterload_null  mc_w.l(handlers.o)
    0x08003864   0x0000000e   Code   RO         5332    i.__scatterload_zeroinit  mc_w.l(handlers.o)
    0x08003872   0x00000002   PAD
    0x08003874   0x00000184   Code   RO         5210    i._fp_digits        mc_w.l(printfa.o)
    0x080039f8   0x00000064   Code   RO         1260    i._log_print        intoyun_log.o
    0x08003a5c   0x00000054   Code   RO         1261    i._log_print_dump   intoyun_log.o
    0x08003ab0   0x00000028   Code   RO          376    i._pow              intoyun_datapoint.o
    0x08003ad8   0x000006dc   Code   RO         5211    i._printf_core      mc_w.l(printfa.o)
    0x080041b4   0x00000024   Code   RO         5212    i._printf_post_padding  mc_w.l(printfa.o)
    0x080041d8   0x0000002e   Code   RO         5213    i._printf_pre_padding  mc_w.l(printfa.o)
    0x08004206   0x00000016   Code   RO         5214    i._snputc           mc_w.l(printfa.o)
    0x0800421c   0x0000000a   Code   RO         5215    i._sputc            mc_w.l(printfa.o)
    0x08004226   0x0000002a   Code   RO         1220    i.delay             intoyun_interface.o
    0x08004250   0x00000050   Code   RO         5231    i.free              mc_w.l(malloc.o)
    0x080042a0   0x00000038   Code   RO          378    i.intoyunDatapointValueInit  intoyun_datapoint.o
    0x080042d8   0x00000064   Code   RO          379    i.intoyunDefineDatapointBinary  intoyun_datapoint.o
    0x0800433c   0x00000040   Code   RO          380    i.intoyunDefineDatapointBool  intoyun_datapoint.o
    0x0800437c   0x00000044   Code   RO          381    i.intoyunDefineDatapointEnum  intoyun_datapoint.o
    0x080043c0   0x00000094   Code   RO          382    i.intoyunDefineDatapointNumber  intoyun_datapoint.o
    0x08004454   0x00000060   Code   RO          383    i.intoyunDefineDatapointString  intoyun_datapoint.o
    0x080044b4   0x00000030   Code   RO          384    i.intoyunDiscoverProperty  intoyun_datapoint.o
    0x080044e4   0x00000004   Code   RO          385    i.intoyunExecuteDFU  intoyun_datapoint.o
    0x080044e8   0x00000008   Code   RO          386    i.intoyunExecuteDisconnect  intoyun_datapoint.o
    0x080044f0   0x0000008c   Code   RO          387    i.intoyunExecuteMacJoin  intoyun_datapoint.o
    0x0800457c   0x00000004   Code   RO          390    i.intoyunExecuteRestart  intoyun_datapoint.o
    0x08004580   0x00000004   Code   RO          391    i.intoyunExecuteRestore  intoyun_datapoint.o
    0x08004584   0x00000144   Code   RO          392    i.intoyunFormDataPointBinary  intoyun_datapoint.o
    0x080046c8   0x0000000e   Code   RO          393    i.intoyunInit       intoyun_datapoint.o
    0x080046d6   0x00000004   Code   RO          394    i.intoyunLoop       intoyun_datapoint.o
    0x080046da   0x00000002   PAD
    0x080046dc   0x00000030   Code   RO          395    i.intoyunMacReceive  intoyun_datapoint.o
    0x0800470c   0x00000284   Code   RO          396    i.intoyunParseReceiveDatapoints  intoyun_datapoint.o
    0x08004990   0x00000094   Code   RO          397    i.intoyunPlatformWriteDatapointBinary  intoyun_datapoint.o
    0x08004a24   0x00000058   Code   RO          398    i.intoyunPlatformWriteDatapointBool  intoyun_datapoint.o
    0x08004a7c   0x00000054   Code   RO          399    i.intoyunPlatformWriteDatapointEnum  intoyun_datapoint.o
    0x08004ad0   0x000000fc   Code   RO          400    i.intoyunPlatformWriteDatapointNumberDouble  intoyun_datapoint.o
    0x08004bcc   0x000000b0   Code   RO          401    i.intoyunPlatformWriteDatapointNumberInt32  intoyun_datapoint.o
    0x08004c7c   0x000000a0   Code   RO          402    i.intoyunPlatformWriteDatapointString  intoyun_datapoint.o
    0x08004d1c   0x00000004   Code   RO          403    i.intoyunPutPipe    intoyun_datapoint.o
    0x08004d20   0x0000000c   Code   RO          404    i.intoyunQueryConnected  intoyun_datapoint.o
    0x08004d2c   0x00000014   Code   RO          405    i.intoyunQueryDisconnected  intoyun_datapoint.o
    0x08004d40   0x000000b0   Code   RO          406    i.intoyunQueryInfo  intoyun_datapoint.o
    0x08004df0   0x0000000e   Code   RO          407    i.intoyunQueryMacAdr  intoyun_datapoint.o
    0x08004dfe   0x00000004   Code   RO          408    i.intoyunQueryMacAppEui  intoyun_datapoint.o
    0x08004e02   0x00000024   Code   RO          409    i.intoyunQueryMacChannelDRRange  intoyun_datapoint.o
    0x08004e26   0x00000012   Code   RO          410    i.intoyunQueryMacChannelEnable  intoyun_datapoint.o
    0x08004e38   0x0000000c   Code   RO          411    i.intoyunQueryMacChannelFreq  intoyun_datapoint.o
    0x08004e44   0x00000004   Code   RO          412    i.intoyunQueryMacClassType  intoyun_datapoint.o
    0x08004e48   0x00000004   Code   RO          413    i.intoyunQueryMacConfirmedTrials  intoyun_datapoint.o
    0x08004e4c   0x00000004   Code   RO          414    i.intoyunQueryMacDatarate  intoyun_datapoint.o
    0x08004e50   0x00000004   Code   RO          415    i.intoyunQueryMacDeviceAddr  intoyun_datapoint.o
    0x08004e54   0x00000004   Code   RO          416    i.intoyunQueryMacDeviceEui  intoyun_datapoint.o
    0x08004e58   0x00000004   Code   RO          417    i.intoyunQueryMacDownlinkCount  intoyun_datapoint.o
    0x08004e5c   0x00000004   Code   RO          418    i.intoyunQueryMacDutyCyclePrescaler  intoyun_datapoint.o
    0x08004e60   0x00000004   Code   RO          419    i.intoyunQueryMacGatewayNumber  intoyun_datapoint.o
    0x08004e64   0x00000004   Code   RO          420    i.intoyunQueryMacJoinTrials  intoyun_datapoint.o
    0x08004e68   0x00000004   Code   RO          421    i.intoyunQueryMacMargin  intoyun_datapoint.o
    0x08004e6c   0x0000000a   Code   RO          422    i.intoyunQueryMacRX1Delay  intoyun_datapoint.o
    0x08004e76   0x0000001c   Code   RO          423    i.intoyunQueryMacRX2Params  intoyun_datapoint.o
    0x08004e92   0x00000002   PAD
    0x08004e94   0x00000010   Code   RO          424    i.intoyunQueryMacRssi  intoyun_datapoint.o
    0x08004ea4   0x0000000c   Code   RO          425    i.intoyunQueryMacSendStatus  intoyun_datapoint.o
    0x08004eb0   0x00000004   Code   RO          426    i.intoyunQueryMacSnr  intoyun_datapoint.o
    0x08004eb4   0x00000004   Code   RO          427    i.intoyunQueryMacUncomfirmedTrials  intoyun_datapoint.o
    0x08004eb8   0x00000004   Code   RO          428    i.intoyunQueryMacUplinkCount  intoyun_datapoint.o
    0x08004ebc   0x0000004c   Code   RO          451    i.intoyunReadDatapointBinary  intoyun_datapoint.o
    0x08004f08   0x0000002c   Code   RO          452    i.intoyunReadDatapointBool  intoyun_datapoint.o
    0x08004f34   0x0000002c   Code   RO          453    i.intoyunReadDatapointEnum  intoyun_datapoint.o
    0x08004f60   0x00000030   Code   RO          454    i.intoyunReadDatapointNumberDouble  intoyun_datapoint.o
    0x08004f90   0x0000002c   Code   RO          455    i.intoyunReadDatapointNumberInt32  intoyun_datapoint.o
    0x08004fbc   0x00000054   Code   RO          456    i.intoyunReadDatapointString  intoyun_datapoint.o
    0x08005010   0x0000002c   Code   RO          457    i.intoyunSendAllDatapointManual  intoyun_datapoint.o
    0x0800503c   0x00000012   Code   RO          458    i.intoyunSendConfirmed  intoyun_datapoint.o
    0x0800504e   0x00000002   PAD
    0x08005050   0x000000bc   Code   RO          460    i.intoyunSendDatapointAll  intoyun_datapoint.o
    0x0800510c   0x0000005c   Code   RO          462    i.intoyunSendDatapointBinary  intoyun_datapoint.o
    0x08005168   0x00000058   Code   RO          463    i.intoyunSendDatapointBool  intoyun_datapoint.o
    0x080051c0   0x00000058   Code   RO          464    i.intoyunSendDatapointEnum  intoyun_datapoint.o
    0x08005218   0x0000005c   Code   RO          465    i.intoyunSendDatapointNumberDouble  intoyun_datapoint.o
    0x08005274   0x00000058   Code   RO          466    i.intoyunSendDatapointNumberInt32  intoyun_datapoint.o
    0x080052cc   0x00000058   Code   RO          467    i.intoyunSendDatapointString  intoyun_datapoint.o
    0x08005324   0x00000070   Code   RO          468    i.intoyunSendSingleDatapoint  intoyun_datapoint.o
    0x08005394   0x00000012   Code   RO          469    i.intoyunSendUnconfirmed  intoyun_datapoint.o
    0x080053a6   0x00000002   PAD
    0x080053a8   0x00000010   Code   RO          470    i.intoyunSetEventCallback  intoyun_datapoint.o
    0x080053b8   0x00000004   Code   RO          471    i.intoyunSetupDevice  intoyun_datapoint.o
    0x080053bc   0x00000004   Code   RO          472    i.intoyunSetupMacABPParams  intoyun_datapoint.o
    0x080053c0   0x00000008   Code   RO          473    i.intoyunSetupMacAdr  intoyun_datapoint.o
    0x080053c8   0x00000010   Code   RO          474    i.intoyunSetupMacChannelDRRange  intoyun_datapoint.o
    0x080053d8   0x00000010   Code   RO          475    i.intoyunSetupMacChannelEnable  intoyun_datapoint.o
    0x080053e8   0x00000020   Code   RO          476    i.intoyunSetupMacChannelFreq  intoyun_datapoint.o
    0x08005408   0x00000004   Code   RO          477    i.intoyunSetupMacClassType  intoyun_datapoint.o
    0x0800540c   0x0000000c   Code   RO          478    i.intoyunSetupMacConfirmedTrials  intoyun_datapoint.o
    0x08005418   0x0000000c   Code   RO          479    i.intoyunSetupMacDatarate  intoyun_datapoint.o
    0x08005424   0x00000004   Code   RO          480    i.intoyunSetupMacDownlinkCount  intoyun_datapoint.o
    0x08005428   0x00000004   Code   RO          481    i.intoyunSetupMacDutyCyclePrescaler  intoyun_datapoint.o
    0x0800542c   0x00000004   Code   RO          482    i.intoyunSetupMacJoinTrials  intoyun_datapoint.o
    0x08005430   0x00000004   Code   RO          483    i.intoyunSetupMacOTAAParams  intoyun_datapoint.o
    0x08005434   0x00000004   Code   RO          484    i.intoyunSetupMacPowerIndex  intoyun_datapoint.o
    0x08005438   0x00000004   Code   RO          485    i.intoyunSetupMacRX1Delay  intoyun_datapoint.o
    0x0800543c   0x00000020   Code   RO          486    i.intoyunSetupMacRX2Params  intoyun_datapoint.o
    0x0800545c   0x0000000c   Code   RO          487    i.intoyunSetupMacUnconfirmedTrials  intoyun_datapoint.o
    0x08005468   0x00000004   Code   RO          488    i.intoyunSetupMacUplinkCount  intoyun_datapoint.o
    0x0800546c   0x0000000c   Code   RO          489    i.intoyunSetupProtocol  intoyun_datapoint.o
    0x08005478   0x00000004   Code   RO          508    i.intoyunSetupSystemSleep  intoyun_datapoint.o
    0x0800547c   0x00000098   Code   RO          509    i.intoyunTransmitData  intoyun_datapoint.o
    0x08005514   0x00000006   Code   RO          510    i.intoyunWriteDatapointBinary  intoyun_datapoint.o
    0x0800551a   0x00000006   Code   RO          511    i.intoyunWriteDatapointBool  intoyun_datapoint.o
    0x08005520   0x00000006   Code   RO          512    i.intoyunWriteDatapointEnum  intoyun_datapoint.o
    0x08005526   0x0000000c   Code   RO          513    i.intoyunWriteDatapointNumberDouble  intoyun_datapoint.o
    0x08005532   0x00000006   Code   RO          514    i.intoyunWriteDatapointNumberInt32  intoyun_datapoint.o
    0x08005538   0x00000006   Code   RO          515    i.intoyunWriteDatapointString  intoyun_datapoint.o
    0x0800553e   0x00000002   PAD
    0x08005540   0x00000018   Code   RO            1    i.main              main.o
    0x08005558   0x0000006c   Code   RO         5232    i.malloc            mc_w.l(malloc.o)
    0x080055c4   0x00000004   Code   RO         1221    i.millis            intoyun_interface.o
    0x080055c8   0x0000007c   Code   RO            2    i.system_event_callback  main.o
    0x08005644   0x000000b0   Code   RO            3    i.userHandle        main.o
    0x080056f4   0x00000120   Code   RO            4    i.userInit          main.o
    0x08005814   0x00000010   Data   RO          271    .constdata          system_stm32f1xx.o
    0x08005824   0x00000008   Data   RO          272    .constdata          system_stm32f1xx.o
    0x0800582c   0x0000002c   Data   RO         1224    .constdata          intoyun_interface.o
    0x08005858   0x00000070   Data   RO         1225    .constdata          intoyun_interface.o
    0x080058c8   0x000000a8   Data   RO         1226    .constdata          intoyun_interface.o
    0x08005970   0x00000040   Data   RO         5326    .constdata          mc_w.l(ctype_c.o)
    0x080059b0   0x0000007f   Data   RO         1456    .conststring        intoyun_protocol.o
    0x08005a2f   0x00000001   PAD
    0x08005a30   0x00000020   Data   RO         5328    Region$$Table       anon$$obj.o


    Execution Region RW_IRAM1 (Base: 0x20000000, Size: 0x00000f60, Max: 0x00005000, ABSOLUTE)

    Base Addr    Size         Type   Attr      Idx    E Section Name        Object

    0x20000000   0x00000053   Data   RW            5    .data               main.o
    0x20000053   0x00000001   PAD
    0x20000054   0x00000004   Data   RW          273    .data               system_stm32f1xx.o
    0x20000058   0x00000010   Data   RW          517    .data               intoyun_datapoint.o
    0x20000068   0x00000074   Data   RW         1457    .data               intoyun_protocol.o
    0x200000dc   0x00000004   Data   RW         2207    .data               stm32f1xx_hal.o
    0x200000e0   0x00000004   Data   RW         5304    .data               mc_w.l(mvars.o)
    0x200000e4   0x00000004   Data   RW         5305    .data               mc_w.l(mvars.o)
    0x200000e8   0x00000080   Zero   RW          318    .bss                hal_interface.o
    0x20000168   0x000000d4   Zero   RW          516    .bss                intoyun_datapoint.o
    0x2000023c   0x00000120   Zero   RW         1455    .bss                intoyun_protocol.o
    0x2000035c   0x00000004   PAD
    0x20000360   0x00000800   Zero   RW           87    HEAP                startup_stm32f103xb.o
    0x20000b60   0x00000400   Zero   RW           86    STACK               startup_stm32f103xb.o


==============================================================================

Image component sizes


      Code (inc. data)   RO Data    RW Data    ZI Data      Debug   Object Name

       452         42          0          0        128       4501   hal_interface.o
      4798        522          0         16        212      66811   intoyun_datapoint.o
        46          0        324          0          0       7461   intoyun_interface.o
       184         34          0          0          0       2555   intoyun_log.o
      6304       1898        127        116        288      63295   intoyun_protocol.o
       612        136          0         83          0      12720   main.o
        36          8        236          0       3072        884   startup_stm32f103xb.o
       120         16          0          4          0       3762   stm32f1xx_hal.o
       194         14          0          0          0      25955   stm32f1xx_hal_cortex.o
       444         36          0          0          0       2488   stm32f1xx_hal_gpio.o
         2          0          0          0          0        518   stm32f1xx_hal_msp_template.o
      2042         98          0          0          0       6008   stm32f1xx_hal_rcc.o
      1016          4          0          0          0       5347   stm32f1xx_hal_uart.o
        56         10          0          0          0     425570   stm32f1xx_it.o
        72         16         24          4          0       1323   system_stm32f1xx.o

    ----------------------------------------------------------------------
     16402       2834        744        224       3704     629198   Object Totals
         0          0         32          0          0          0   (incl. Generated)
        24          0          1          1          4          0   (incl. Padding)

    ----------------------------------------------------------------------

      Code (inc. data)   RO Data    RW Data    ZI Data      Debug   Library Member Name

        56          8          0          0          0         84   __0sscanf.o
        28          0          0          0          0         68   _chval.o
       812          4          0          0          0        112   _scanf.o
       332          0          0          0          0         96   _scanf_int.o
       224          0          0          0          0         96   _scanf_str.o
        64          0          0          0          0         84   _sgetc.o
        40          6         64          0          0         68   ctype_c.o
         0          0          0          0          0          0   entry.o
         0          0          0          0          0          0   entry10a.o
         0          0          0          0          0          0   entry11a.o
         8          4          0          0          0          0   entry2.o
         4          0          0          0          0          0   entry5.o
         0          0          0          0          0          0   entry7b.o
         0          0          0          0          0          0   entry8b.o
         8          4          0          0          0          0   entry9a.o
        30          0          0          0          0          0   handlers.o
        36          8          0          0          0         68   init.o
        10          0          0          0          0         68   isspace_c.o
         0          0          0          0          0          0   iusefp.o
        30          0          0          0          0         68   llshl.o
        36          0          0          0          0         68   llsshr.o
        32          0          0          0          0         68   llushr.o
       188         20          0          0          0        160   malloc.o
        26          0          0          0          0         80   memcmp.o
        36          0          0          0          0         68   memcpya.o
        36          0          0          0          0        108   memseta.o
         0          0          0          8          0          0   mvars.o
      2390         94          0          0          0        752   printfa.o
        40          8          0          0          0         84   scanf_char.o
        20          0          0          0          0         68   strchr.o
        28          0          0          0          0         76   strcmp.o
        14          0          0          0          0         68   strlen.o
        24          0          0          0          0         76   strncpy.o
        44          0          0          0          0         80   uidiv.o
        98          0          0          0          0         92   uldiv.o
        48          0          0          0          0         68   cdcmple.o
        48          0          0          0          0         68   cdrcmple.o
       334          0          0          0          0        148   dadd.o
       222          0          0          0          0        100   ddiv.o
       186          0          0          0          0        176   depilogue.o
        62          0          0          0          0         80   dfixi.o
        48          0          0          0          0         68   dfixul.o
        34          0          0          0          0         76   dflti.o
       228          0          0          0          0         96   dmul.o

    ----------------------------------------------------------------------
      5910        156         64          8          0       3540   Library Totals
         6          0          0          0          0          0   (incl. Padding)

    ----------------------------------------------------------------------

      Code (inc. data)   RO Data    RW Data    ZI Data      Debug   Library Name

      4694        156         64          8          0       2660   mc_w.l
      1210          0          0          0          0        880   mf_w.l

    ----------------------------------------------------------------------
      5910        156         64          8          0       3540   Library Totals

    ----------------------------------------------------------------------

==============================================================================


      Code (inc. data)   RO Data    RW Data    ZI Data      Debug   

     22312       2990        808        232       3704     619266   Grand Totals
     22312       2990        808        232       3704     619266   ELF Image Totals
     22312       2990        808        232          0          0   ROM Totals

==============================================================================

    Total RO  Size (Code + RO Data)                23120 (  22.58kB)
    Total RW  Size (RW Data + ZI Data)              3936 (   3.84kB)
    Total ROM Size (Code + RO Data + RW Data)      23352 (  22.80kB)

==============================================================================

